23-08-18-14:45:55 VmRSS: 816932 kB 26.7
MemTotal:       16109304 kB
MemFree:          903680 kB
Cached:          6784944 kB
SwapCached:        40836 kB

23-08-18-14:46:25 VmRSS: 740660 kB 100.0
MemTotal:       16109304 kB
MemFree:         1382972 kB
Cached:          6376344 kB
SwapCached:        40988 kB

23-08-18-14:46:55 VmRSS: 741116 kB 113.3
MemTotal:       16109304 kB
MemFree:         1360680 kB
Cached:          6396440 kB
SwapCached:        40988 kB

23-08-18-14:47:25 VmRSS: 741968 kB 113.3
MemTotal:       16109304 kB
MemFree:         1326060 kB
Cached:          6417280 kB
SwapCached:        40984 kB

23-08-18-14:47:55 VmRSS: 742656 kB 106.7
MemTotal:       16109304 kB
MemFree:         1345584 kB
Cached:          6391896 kB
SwapCached:        40980 kB

23-08-18-14:48:25 VmRSS: 749496 kB 26.7
MemTotal:       16109304 kB
MemFree:         1322784 kB
Cached:          6438648 kB
SwapCached:        40976 kB

23-08-18-14:48:56 VmRSS: 824700 kB 26.7
MemTotal:       16109304 kB
MemFree:         1162500 kB
Cached:          6508136 kB
SwapCached:        40976 kB

23-08-18-14:49:26 VmRSS: 900184 kB 140.0
MemTotal:       16109304 kB
MemFree:          982628 kB
Cached:          6590092 kB
SwapCached:        40968 kB

23-08-18-14:49:56 VmRSS: 746580 kB 160.0
MemTotal:       16109304 kB
MemFree:         1051420 kB
Cached:          6608608 kB
SwapCached:        40968 kB

23-08-18-14:50:26 VmRSS: 748056 kB 33.3
MemTotal:       16109304 kB
MemFree:         1137088 kB
Cached:          6628092 kB
SwapCached:        41000 kB

23-08-18-14:50:56 VmRSS: 748992 kB 131.2
MemTotal:       16109304 kB
MemFree:         1052628 kB
Cached:          6660480 kB
SwapCached:        41000 kB

23-08-18-14:51:26 VmRSS: 750028 kB 20.0
MemTotal:       16109304 kB
MemFree:         1089360 kB
Cached:          6667732 kB
SwapCached:        41016 kB

23-08-18-14:51:57 VmRSS: 822400 kB 40.0
MemTotal:       16109304 kB
MemFree:          914056 kB
Cached:          6751576 kB
SwapCached:        41016 kB

23-08-18-14:52:27 VmRSS: 895872 kB 140.0
MemTotal:       16109304 kB
MemFree:          633856 kB
Cached:          6833252 kB
SwapCached:        41040 kB

23-08-18-14:52:57 VmRSS: 747796 kB 106.7
MemTotal:       16109304 kB
MemFree:         1433184 kB
Cached:          6302048 kB
SwapCached:        43356 kB

23-08-18-14:53:27 VmRSS: 748612 kB 186.7
MemTotal:       16109304 kB
MemFree:         1356184 kB
Cached:          6322692 kB
SwapCached:        43352 kB

23-08-18-14:53:57 VmRSS: 749028 kB 160.0
MemTotal:       16109304 kB
MemFree:         1344764 kB
Cached:          6343592 kB
SwapCached:        43352 kB

23-08-18-14:54:27 VmRSS: 749108 kB 6.7
MemTotal:       16109304 kB
MemFree:         1387772 kB
Cached:          6362812 kB
SwapCached:        43360 kB

23-08-18-14:54:58 VmRSS: 820352 kB 33.3
MemTotal:       16109304 kB
MemFree:         1215296 kB
Cached:          6446496 kB
SwapCached:        43360 kB

23-08-18-14:55:28 VmRSS: 880900 kB 26.7
MemTotal:       16109304 kB
MemFree:          801320 kB
Cached:          6528104 kB
SwapCached:        43348 kB

23-08-18-14:55:58 VmRSS: 806548 kB 206.7
MemTotal:       16109304 kB
MemFree:          998416 kB
Cached:          6554944 kB
SwapCached:        43348 kB

23-08-18-14:56:28 VmRSS: 748352 kB 166.7
MemTotal:       16109304 kB
MemFree:          971324 kB
Cached:          6574152 kB
SwapCached:        43376 kB

23-08-18-14:56:58 VmRSS: 750536 kB 173.3
MemTotal:       16109304 kB
MemFree:         1016980 kB
Cached:          6593448 kB
SwapCached:        43376 kB

23-08-18-14:57:28 VmRSS: 775948 kB 156.2
MemTotal:       16109304 kB
MemFree:         1017140 kB
Cached:          6616464 kB
SwapCached:        43364 kB

23-08-18-14:57:59 VmRSS: 793136 kB 33.3
MemTotal:       16109304 kB
MemFree:          930028 kB
Cached:          6688920 kB
SwapCached:        43364 kB

23-08-18-14:58:29 VmRSS: 860764 kB 13.3
MemTotal:       16109304 kB
MemFree:          760976 kB
Cached:          6770804 kB
SwapCached:        43360 kB

23-08-18-14:58:59 VmRSS: 748880 kB 206.7
MemTotal:       16109304 kB
MemFree:         1310964 kB
Cached:          6338348 kB
SwapCached:        43152 kB

23-08-18-14:59:29 VmRSS: 753796 kB 206.7
MemTotal:       16109304 kB
MemFree:         1327452 kB
Cached:          6358572 kB
SwapCached:        43148 kB

23-08-18-14:59:59 VmRSS: 749732 kB 213.3
MemTotal:       16109304 kB
MemFree:         1258544 kB
Cached:          6378884 kB
SwapCached:        43144 kB

23-08-18-15:00:29 VmRSS: 749884 kB 180.0
MemTotal:       16109304 kB
MemFree:         1253728 kB
Cached:          6398692 kB
SwapCached:        43188 kB

23-08-18-15:01:00 VmRSS: 781300 kB 13.3
MemTotal:       16109304 kB
MemFree:         1224612 kB
Cached:          6458944 kB
SwapCached:        43184 kB

23-08-18-15:01:30 VmRSS: 856432 kB 20.0
MemTotal:       16109304 kB
MemFree:         1048680 kB
Cached:          6539624 kB
SwapCached:        43196 kB

23-08-18-15:02:00 VmRSS: 779560 kB 193.3
MemTotal:       16109304 kB
MemFree:         1474948 kB
Cached:          6227780 kB
SwapCached:        43184 kB

23-08-18-15:02:30 VmRSS: 794220 kB 180.0
MemTotal:       16109304 kB
MemFree:         1411312 kB
Cached:          6277676 kB
SwapCached:        43236 kB

23-08-18-15:03:00 VmRSS: 759580 kB 166.7
MemTotal:       16109304 kB
MemFree:         1302944 kB
Cached:          6308508 kB
SwapCached:        43236 kB

23-08-18-15:03:30 VmRSS: 771344 kB 200.0
MemTotal:       16109304 kB
MemFree:         1321736 kB
Cached:          6318180 kB
SwapCached:        43252 kB

23-08-18-15:04:01 VmRSS: 780660 kB 6.7
MemTotal:       16109304 kB
MemFree:         1270708 kB
Cached:          6380496 kB
SwapCached:        43252 kB

23-08-18-15:04:31 VmRSS: 858540 kB 13.3
MemTotal:       16109304 kB
MemFree:         1103340 kB
Cached:          6450796 kB
SwapCached:        43252 kB

23-08-18-15:05:01 VmRSS: 758136 kB 213.3
MemTotal:       16109304 kB
MemFree:         1347968 kB
Cached:          6250908 kB
SwapCached:        43240 kB

23-08-18-15:05:31 VmRSS: 784952 kB 186.7
MemTotal:       16109304 kB
MemFree:         1388972 kB
Cached:          6260464 kB
SwapCached:        43232 kB

23-08-18-15:06:01 VmRSS: 804384 kB 153.3
MemTotal:       16109304 kB
MemFree:         1347296 kB
Cached:          6289424 kB
SwapCached:        43232 kB

23-08-18-15:06:31 VmRSS: 806900 kB 153.3
MemTotal:       16109304 kB
MemFree:         1336384 kB
Cached:          6300280 kB
SwapCached:        43256 kB

23-08-18-15:07:02 VmRSS: 765440 kB 20.0
MemTotal:       16109304 kB
MemFree:         1229848 kB
Cached:          6386492 kB
SwapCached:        43248 kB

23-08-18-15:07:32 VmRSS: 842452 kB 13.3
MemTotal:       16109304 kB
MemFree:         1068608 kB
Cached:          6513400 kB
SwapCached:        44308 kB

23-08-18-15:08:02 VmRSS: 912416 kB 146.7
MemTotal:       16109304 kB
MemFree:          910700 kB
Cached:          6587988 kB
SwapCached:        44308 kB

23-08-18-15:08:32 VmRSS: 778008 kB 200.0
MemTotal:       16109304 kB
MemFree:          952988 kB
Cached:          6624896 kB
SwapCached:        44288 kB

23-08-18-15:09:02 VmRSS: 798120 kB 186.7
MemTotal:       16109304 kB
MemFree:          952408 kB
Cached:          6651816 kB
SwapCached:        44296 kB

23-08-18-15:09:32 VmRSS: 784208 kB 206.7
MemTotal:       16109304 kB
MemFree:          879124 kB
Cached:          6664644 kB
SwapCached:        44292 kB

23-08-18-15:10:03 VmRSS: 774532 kB 20.0
MemTotal:       16109304 kB
MemFree:          913604 kB
Cached:          6693844 kB
SwapCached:        44296 kB

23-08-18-15:10:33 VmRSS: 852416 kB 20.0
MemTotal:       16109304 kB
MemFree:          738208 kB
Cached:          6774796 kB
SwapCached:        44292 kB

23-08-18-15:11:03 VmRSS: 985668 kB 206.7
MemTotal:       16109304 kB
MemFree:          391972 kB
Cached:          6861792 kB
SwapCached:        44292 kB

23-08-18-15:11:33 VmRSS: 839428 kB 133.3
MemTotal:       16109304 kB
MemFree:         1356372 kB
Cached:          6302912 kB
SwapCached:        44380 kB

23-08-18-15:12:03 VmRSS: 816568 kB 193.3
MemTotal:       16109304 kB
MemFree:         1322480 kB
Cached:          6334176 kB
SwapCached:        44380 kB

23-08-18-15:12:33 VmRSS: 843292 kB 140.0
MemTotal:       16109304 kB
MemFree:         1301224 kB
Cached:          6346928 kB
SwapCached:        44376 kB

23-08-18-15:13:04 VmRSS: 778460 kB 13.3
MemTotal:       16109304 kB
MemFree:         1269476 kB
Cached:          6374360 kB
SwapCached:        44376 kB

23-08-18-15:13:34 VmRSS: 853924 kB 13.3
MemTotal:       16109304 kB
MemFree:         1107016 kB
Cached:          6441808 kB
SwapCached:        44372 kB

23-08-18-15:14:04 VmRSS: 914996 kB 13.3
MemTotal:       16109304 kB
MemFree:          935440 kB
Cached:          6600964 kB
SwapCached:        44372 kB

23-08-18-15:14:34 VmRSS: 869272 kB 93.3
MemTotal:       16109304 kB
MemFree:         1012544 kB
Cached:          6645100 kB
SwapCached:        44396 kB

23-08-18-15:15:04 VmRSS: 869948 kB 86.7
MemTotal:       16109304 kB
MemFree:          980048 kB
Cached:          6666476 kB
SwapCached:        44412 kB

23-08-18-15:15:34 VmRSS: 847896 kB 33.3
MemTotal:       16109304 kB
MemFree:          970004 kB
Cached:          6672804 kB
SwapCached:        44404 kB

23-08-18-15:16:05 VmRSS: 867948 kB 113.3
MemTotal:       16109304 kB
MemFree:          898668 kB
Cached:          6733820 kB
SwapCached:        44404 kB

23-08-18-15:16:35 VmRSS: 833876 kB 26.7
MemTotal:       16109304 kB
MemFree:          776232 kB
Cached:          6792184 kB
SwapCached:        44388 kB

23-08-18-15:17:05 VmRSS: 908532 kB 6.7
MemTotal:       16109304 kB
MemFree:          605840 kB
Cached:          6870608 kB
SwapCached:        44388 kB

23-08-18-15:17:35 VmRSS: 914076 kB 31.2
MemTotal:       16109304 kB
MemFree:         1418552 kB
Cached:          6149804 kB
SwapCached:        44364 kB

23-08-18-15:18:05 VmRSS: 853168 kB 13.3
MemTotal:       16109304 kB
MemFree:         1389424 kB
Cached:          6176900 kB
SwapCached:        44364 kB

23-08-18-15:18:35 VmRSS: 917204 kB 33.3
MemTotal:       16109304 kB
MemFree:         1372180 kB
Cached:          6187448 kB
SwapCached:        44348 kB

23-08-18-15:19:06 VmRSS: 949292 kB 73.3
MemTotal:       16109304 kB
MemFree:         1325496 kB
Cached:          6227052 kB
SwapCached:        44348 kB

23-08-18-15:19:36 VmRSS: 873016 kB 18.8
MemTotal:       16109304 kB
MemFree:         1203948 kB
Cached:          6298724 kB
SwapCached:        44364 kB

23-08-18-15:20:06 VmRSS: 915076 kB 20.0
MemTotal:       16109304 kB
MemFree:         1061164 kB
Cached:          6365328 kB
SwapCached:        44364 kB

23-08-18-15:20:36 VmRSS: 853272 kB 13.3
MemTotal:       16109304 kB
MemFree:         1416084 kB
Cached:          6084948 kB
SwapCached:        44336 kB

23-08-18-15:21:06 VmRSS: 918096 kB 33.3
MemTotal:       16109304 kB
MemFree:         1390272 kB
Cached:          6105316 kB
SwapCached:        44336 kB

23-08-18-15:21:36 VmRSS: 853876 kB 13.3
MemTotal:       16109304 kB
MemFree:         1367208 kB
Cached:          6124744 kB
SwapCached:        44436 kB

23-08-18-15:22:07 VmRSS: 854296 kB 13.3
MemTotal:       16109304 kB
MemFree:         1551136 kB
Cached:          6145764 kB
SwapCached:        44436 kB

23-08-18-15:22:37 VmRSS: 867676 kB 6.7
MemTotal:       16109304 kB
MemFree:         1478452 kB
Cached:          6192468 kB
SwapCached:        44448 kB

23-08-18-15:23:07 VmRSS: 908488 kB 13.3
MemTotal:       16109304 kB
MemFree:         1340580 kB
Cached:          6276392 kB
SwapCached:        44448 kB

23-08-18-15:23:37 VmRSS: 789672 kB 13.3
MemTotal:       16109304 kB
MemFree:         1534828 kB
Cached:          6197396 kB
SwapCached:        45368 kB

23-08-18-15:24:07 VmRSS: 791112 kB 13.3
MemTotal:       16109304 kB
MemFree:         1508508 kB
Cached:          6218088 kB
SwapCached:        45368 kB

23-08-18-15:24:37 VmRSS: 791992 kB 6.7
MemTotal:       16109304 kB
MemFree:         1479380 kB
Cached:          6237588 kB
SwapCached:        45372 kB

23-08-18-15:25:08 VmRSS: 792144 kB 6.7
MemTotal:       16109304 kB
MemFree:         1457832 kB
Cached:          6257736 kB
SwapCached:        45372 kB

23-08-18-15:25:38 VmRSS: 799768 kB 26.7
MemTotal:       16109304 kB
MemFree:         1405580 kB
Cached:          6291932 kB
SwapCached:        45368 kB

23-08-18-15:26:08 VmRSS: 878584 kB 13.3
MemTotal:       16109304 kB
MemFree:         1158716 kB
Cached:          6438840 kB
SwapCached:        45372 kB

23-08-18-15:26:38 VmRSS: 978164 kB 106.7
MemTotal:       16109304 kB
MemFree:          949888 kB
Cached:          6477236 kB
SwapCached:        45416 kB

23-08-18-15:27:08 VmRSS: 859748 kB 13.3
MemTotal:       16109304 kB
MemFree:         1099744 kB
Cached:          6494776 kB
SwapCached:        45416 kB

23-08-18-15:27:38 VmRSS: 860960 kB 13.3
MemTotal:       16109304 kB
MemFree:         1070980 kB
Cached:          6514252 kB
SwapCached:        45412 kB

23-08-18-15:28:09 VmRSS: 798732 kB 6.7
MemTotal:       16109304 kB
MemFree:         1108048 kB
Cached:          6534420 kB
SwapCached:        45412 kB

23-08-18-15:28:39 VmRSS: 799108 kB 13.3
MemTotal:       16109304 kB
MemFree:         1079080 kB
Cached:          6555164 kB
SwapCached:        45408 kB

23-08-18-15:29:09 VmRSS: 878260 kB 26.7
MemTotal:       16109304 kB
MemFree:          886640 kB
Cached:          6645364 kB
SwapCached:        45408 kB

23-08-18-15:29:39 VmRSS: 1330280 kB 200.0
MemTotal:       16109304 kB
MemFree:          520040 kB
Cached:          6731360 kB
SwapCached:        45392 kB

23-08-18-15:30:09 VmRSS: 800552 kB 6.7
MemTotal:       16109304 kB
MemFree:         1433304 kB
Cached:          6272628 kB
SwapCached:        44244 kB

23-08-18-15:30:39 VmRSS: 801760 kB 13.3
MemTotal:       16109304 kB
MemFree:         1404088 kB
Cached:          6292276 kB
SwapCached:        44256 kB

23-08-18-15:31:10 VmRSS: 801684 kB 13.3
MemTotal:       16109304 kB
MemFree:         1377764 kB
Cached:          6312740 kB
SwapCached:        44256 kB

23-08-18-15:31:40 VmRSS: 802596 kB 20.0
MemTotal:       16109304 kB
MemFree:         1325476 kB
Cached:          6349668 kB
SwapCached:        44252 kB

23-08-18-15:32:10 VmRSS: 882288 kB 18.8
MemTotal:       16109304 kB
MemFree:         1149104 kB
Cached:          6433296 kB
SwapCached:        44252 kB

23-08-18-15:32:40 VmRSS: 930632 kB 33.3
MemTotal:       16109304 kB
MemFree:          994780 kB
Cached:          6520320 kB
SwapCached:        44260 kB

23-08-18-15:33:10 VmRSS: 807712 kB 13.3
MemTotal:       16109304 kB
MemFree:         1086452 kB
Cached:          6546920 kB
SwapCached:        44260 kB

23-08-18-15:33:41 VmRSS: 808128 kB 13.3
MemTotal:       16109304 kB
MemFree:         1061020 kB
Cached:          6566408 kB
SwapCached:        44212 kB

23-08-18-15:34:11 VmRSS: 808272 kB 18.8
MemTotal:       16109304 kB
MemFree:         1041992 kB
Cached:          6585520 kB
SwapCached:        44212 kB

23-08-18-15:34:41 VmRSS: 808656 kB 6.2
MemTotal:       16109304 kB
MemFree:         1013296 kB
Cached:          6605376 kB
SwapCached:        44200 kB

23-08-18-15:35:11 VmRSS: 858852 kB 20.0
MemTotal:       16109304 kB
MemFree:          874432 kB
Cached:          6683388 kB
SwapCached:        44200 kB

23-08-18-15:35:41 VmRSS: 930328 kB 20.0
MemTotal:       16109304 kB
MemFree:          645964 kB
Cached:          6815264 kB
SwapCached:        44196 kB

23-08-18-15:36:11 VmRSS: 781556 kB 13.3
MemTotal:       16109304 kB
MemFree:         1495440 kB
Cached:          6134128 kB
SwapCached:        44084 kB

23-08-18-15:36:42 VmRSS: 782464 kB 13.3
MemTotal:       16109304 kB
MemFree:         1477408 kB
Cached:          6146344 kB
SwapCached:        44080 kB

23-08-18-15:37:12 VmRSS: 782584 kB 13.3
MemTotal:       16109304 kB
MemFree:         1459952 kB
Cached:          6161928 kB
SwapCached:        44076 kB

23-08-18-15:37:42 VmRSS: 782704 kB 6.7
MemTotal:       16109304 kB
MemFree:         1429972 kB
Cached:          6182300 kB
SwapCached:        44068 kB

23-08-18-15:38:12 VmRSS: 818488 kB 26.7
MemTotal:       16109304 kB
MemFree:         1313716 kB
Cached:          6249748 kB
SwapCached:        44068 kB

23-08-18-15:38:42 VmRSS: 898140 kB 26.7
MemTotal:       16109304 kB
MemFree:         1130300 kB
Cached:          6336136 kB
SwapCached:        44076 kB

23-08-18-15:39:12 VmRSS: 782012 kB 6.7
MemTotal:       16109304 kB
MemFree:         1464196 kB
Cached:          6130772 kB
SwapCached:        44524 kB

23-08-18-15:39:43 VmRSS: 783144 kB 13.3
MemTotal:       16109304 kB
MemFree:         1431632 kB
Cached:          6152076 kB
SwapCached:        44516 kB

23-08-18-15:40:13 VmRSS: 782980 kB 0.0
MemTotal:       16109304 kB
MemFree:         1348072 kB
Cached:          6181380 kB
SwapCached:        44528 kB

23-08-18-15:40:43 VmRSS: 782980 kB 0.0
MemTotal:       16109304 kB
MemFree:         1318276 kB
Cached:          6206404 kB
SwapCached:        44528 kB

23-08-18-15:41:13 VmRSS: 782980 kB 0.0
MemTotal:       16109304 kB
MemFree:         1323576 kB
Cached:          6198068 kB
SwapCached:        44528 kB

23-08-18-15:41:43 VmRSS: 782980 kB 0.0
MemTotal:       16109304 kB
MemFree:         1319424 kB
Cached:          6198084 kB
SwapCached:        44528 kB

23-08-18-15:42:14 VmRSS: 782980 kB 0.0
MemTotal:       16109304 kB
MemFree:         1318740 kB
Cached:          6199680 kB
SwapCached:        44528 kB

23-08-18-15:42:44 VmRSS: 782980 kB 0.0
MemTotal:       16109304 kB
MemFree:         1316648 kB
Cached:          6199684 kB
SwapCached:        44536 kB

23-08-18-15:43:14 VmRSS: 782980 kB 0.0
MemTotal:       16109304 kB
MemFree:         1318068 kB
Cached:          6198064 kB
SwapCached:        44536 kB

23-08-18-15:43:44 VmRSS: 782980 kB 0.0
MemTotal:       16109304 kB
MemFree:         1317788 kB
Cached:          6198084 kB
SwapCached:        44540 kB

23-08-18-15:44:14 VmRSS: 782980 kB 0.0
MemTotal:       16109304 kB
MemFree:         1319528 kB
Cached:          6199072 kB
SwapCached:        44540 kB

23-08-18-15:44:44 VmRSS: 782980 kB 0.0
MemTotal:       16109304 kB
MemFree:         1315884 kB
Cached:          6198588 kB
SwapCached:        44544 kB

23-08-18-15:45:15 VmRSS: 782980 kB 0.0
MemTotal:       16109304 kB
MemFree:         1320020 kB
Cached:          6198352 kB
SwapCached:        44544 kB

23-08-18-15:45:45 VmRSS: 782980 kB 0.0
MemTotal:       16109304 kB
MemFree:         1320520 kB
Cached:          6198172 kB
SwapCached:        44548 kB

23-08-18-15:46:15 VmRSS: 782980 kB 0.0
MemTotal:       16109304 kB
MemFree:         1324208 kB
Cached:          6198468 kB
SwapCached:        44548 kB

23-08-18-15:46:45 VmRSS: 782980 kB 0.0
MemTotal:       16109304 kB
MemFree:         1323708 kB
Cached:          6198104 kB
SwapCached:        44556 kB

23-08-18-15:47:15 VmRSS: 782980 kB 0.0
MemTotal:       16109304 kB
MemFree:         1323188 kB
Cached:          6198080 kB
SwapCached:        44556 kB

23-08-18-15:47:46 VmRSS: 782980 kB 0.0
MemTotal:       16109304 kB
MemFree:         1319960 kB
Cached:          6198096 kB
SwapCached:        44564 kB

23-08-18-15:48:16 VmRSS: 782980 kB 0.0
MemTotal:       16109304 kB
MemFree:         1319440 kB
Cached:          6198924 kB
SwapCached:        44564 kB

23-08-18-15:48:46 VmRSS: 782980 kB 0.0
MemTotal:       16109304 kB
MemFree:         1322508 kB
Cached:          6200280 kB
SwapCached:        44560 kB

23-08-18-15:49:16 VmRSS: 782980 kB 0.0
MemTotal:       16109304 kB
MemFree:         1271328 kB
Cached:          6245992 kB
SwapCached:        44560 kB

23-08-18-15:49:46 VmRSS: 782980 kB 0.0
MemTotal:       16109304 kB
MemFree:         1286748 kB
Cached:          6227864 kB
SwapCached:        44556 kB

23-08-18-15:50:16 VmRSS: 782980 kB 0.0
MemTotal:       16109304 kB
MemFree:         1312120 kB
Cached:          6204548 kB
SwapCached:        44556 kB

23-08-18-15:50:47 0.0
MemTotal:       16109304 kB
MemFree:         2154660 kB
Cached:          6166932 kB
SwapCached:        44552 kB

23-08-18-15:51:17 0.0
MemTotal:       16109304 kB
MemFree:         2157688 kB
Cached:          6165820 kB
SwapCached:        44552 kB

23-08-18-15:51:47 0.0
MemTotal:       16109304 kB
MemFree:         2154836 kB
Cached:          6166496 kB
SwapCached:        44560 kB

23-08-18-15:52:17 0.0
MemTotal:       16109304 kB
MemFree:         2130932 kB
Cached:          6185252 kB
SwapCached:        44560 kB

23-08-18-15:52:47 0.0
MemTotal:       16109304 kB
MemFree:         2143364 kB
Cached:          6171088 kB
SwapCached:        44560 kB

23-08-18-15:53:17 0.0
MemTotal:       16109304 kB
MemFree:         2137024 kB
Cached:          6175100 kB
SwapCached:        44560 kB

23-08-18-15:53:48 0.0
MemTotal:       16109304 kB
MemFree:         2268772 kB
Cached:          6181640 kB
SwapCached:        44552 kB

23-08-18-15:54:18 0.0
MemTotal:       16109304 kB
MemFree:         2249408 kB
Cached:          6197648 kB
SwapCached:        44552 kB

23-08-18-15:54:48 0.0
MemTotal:       16109304 kB
MemFree:         2262436 kB
Cached:          6179708 kB
SwapCached:        44576 kB

23-08-18-15:55:18 0.0
MemTotal:       16109304 kB
MemFree:         2274528 kB
Cached:          6190928 kB
SwapCached:        44576 kB

23-08-18-15:55:48 0.0
MemTotal:       16109304 kB
MemFree:         2241336 kB
Cached:          6192472 kB
SwapCached:        44580 kB

23-08-18-15:56:18 0.0
MemTotal:       16109304 kB
MemFree:         2230808 kB
Cached:          6182920 kB
SwapCached:        44580 kB

23-08-18-15:56:49 0.0
MemTotal:       16109304 kB
MemFree:         2215308 kB
Cached:          6181248 kB
SwapCached:        44592 kB

23-08-18-15:57:19 0.0
MemTotal:       16109304 kB
MemFree:         2214896 kB
Cached:          6181172 kB
SwapCached:        44592 kB

23-08-18-15:57:49 %CPU
MemTotal:       16109304 kB
MemFree:         2524536 kB
Cached:          6207256 kB
SwapCached:        44584 kB

23-08-18-15:58:19 %CPU
MemTotal:       16109304 kB
MemFree:         2648552 kB
Cached:          6275840 kB
SwapCached:        44596 kB

23-08-18-15:58:49 %CPU
MemTotal:       16109304 kB
MemFree:         2962076 kB
Cached:          6316320 kB
SwapCached:        44596 kB

23-08-18-15:59:19 %CPU
MemTotal:       16109304 kB
MemFree:         1547544 kB
Cached:          6980088 kB
SwapCached:        44604 kB

23-08-18-15:59:50 %CPU
MemTotal:       16109304 kB
MemFree:         1410716 kB
Cached:          7030600 kB
SwapCached:        44616 kB

23-08-18-16:00:20 %CPU
MemTotal:       16109304 kB
MemFree:         1212996 kB
Cached:          7126016 kB
SwapCached:        44620 kB

23-08-18-16:00:50 %CPU
MemTotal:       16109304 kB
MemFree:         2277240 kB
Cached:          6978996 kB
SwapCached:        44360 kB

23-08-18-16:01:20 %CPU
MemTotal:       16109304 kB
MemFree:         1743008 kB
Cached:          6993036 kB
SwapCached:        44360 kB

23-08-18-16:01:50 %CPU
MemTotal:       16109304 kB
MemFree:         1695960 kB
Cached:          6994624 kB
SwapCached:        44376 kB

23-08-18-16:02:20 %CPU
MemTotal:       16109304 kB
MemFree:         1709380 kB
Cached:          6994232 kB
SwapCached:        44376 kB

23-08-18-16:02:51 %CPU
MemTotal:       16109304 kB
MemFree:         1626808 kB
Cached:          7030600 kB
SwapCached:        44428 kB

23-08-18-16:03:21 %CPU
MemTotal:       16109304 kB
MemFree:         1608452 kB
Cached:          7015516 kB
SwapCached:        44432 kB

23-08-18-16:03:51 %CPU
MemTotal:       16109304 kB
MemFree:         1558664 kB
Cached:          7016016 kB
SwapCached:        44436 kB

23-08-18-16:04:21 %CPU
MemTotal:       16109304 kB
MemFree:         1522180 kB
Cached:          7017420 kB
SwapCached:        44436 kB

23-08-18-16:04:51 %CPU
MemTotal:       16109304 kB
MemFree:         2240048 kB
Cached:          7023112 kB
SwapCached:        44444 kB

23-08-18-16:05:21 %CPU
MemTotal:       16109304 kB
MemFree:         1702564 kB
Cached:          7014204 kB
SwapCached:        44460 kB

23-08-18-16:05:52 %CPU
MemTotal:       16109304 kB
MemFree:         1703208 kB
Cached:          6992728 kB
SwapCached:        44480 kB

23-08-18-16:06:22 %CPU
MemTotal:       16109304 kB
MemFree:         1670932 kB
Cached:          6992948 kB
SwapCached:        44480 kB

23-08-18-16:06:52 %CPU
MemTotal:       16109304 kB
MemFree:         1650612 kB
Cached:          6993456 kB
SwapCached:        44472 kB

23-08-18-16:07:22 %CPU
MemTotal:       16109304 kB
MemFree:         1626000 kB
Cached:          6993072 kB
SwapCached:        44472 kB

23-08-18-16:07:52 %CPU
MemTotal:       16109304 kB
MemFree:         1579460 kB
Cached:          6992968 kB
SwapCached:        44500 kB

23-08-18-16:08:22 %CPU
MemTotal:       16109304 kB
MemFree:         1494596 kB
Cached:          7039420 kB
SwapCached:        44500 kB

23-08-18-16:08:52 %CPU
MemTotal:       16109304 kB
MemFree:         1781876 kB
Cached:          7030688 kB
SwapCached:        44484 kB

23-08-18-16:09:23 %CPU
MemTotal:       16109304 kB
MemFree:         1757048 kB
Cached:          7030740 kB
SwapCached:        44484 kB

23-08-18-16:09:53 %CPU
MemTotal:       16109304 kB
MemFree:         1718292 kB
Cached:          7030936 kB
SwapCached:        44512 kB

23-08-18-16:10:23 %CPU
MemTotal:       16109304 kB
MemFree:         1678864 kB
Cached:          7030676 kB
SwapCached:        44512 kB

23-08-18-16:10:53 %CPU
MemTotal:       16109304 kB
MemFree:         1612176 kB
Cached:          7064736 kB
SwapCached:        44504 kB

23-08-18-16:11:23 %CPU
MemTotal:       16109304 kB
MemFree:         1421740 kB
Cached:          7039576 kB
SwapCached:        44472 kB

23-08-18-16:11:54 %CPU
MemTotal:       16109304 kB
MemFree:         1388732 kB
Cached:          7014056 kB
SwapCached:        44512 kB

23-08-18-16:12:24 %CPU
MemTotal:       16109304 kB
MemFree:         1228428 kB
Cached:          7093980 kB
SwapCached:        44496 kB

23-08-18-16:12:54 %CPU
MemTotal:       16109304 kB
MemFree:         1030124 kB
Cached:          7184496 kB
SwapCached:        44504 kB

23-08-18-16:13:24 %CPU
MemTotal:       16109304 kB
MemFree:         1330952 kB
Cached:          6950104 kB
SwapCached:        45096 kB

23-08-18-16:13:54 %CPU
MemTotal:       16109304 kB
MemFree:         1283800 kB
Cached:          6970080 kB
SwapCached:        45096 kB

23-08-18-16:14:24 %CPU
MemTotal:       16109304 kB
MemFree:         1244196 kB
Cached:          6991116 kB
SwapCached:        45088 kB

23-08-18-16:14:55 %CPU
MemTotal:       16109304 kB
MemFree:         1193128 kB
Cached:          7011984 kB
SwapCached:        45288 kB

23-08-18-16:15:25 %CPU
MemTotal:       16109304 kB
MemFree:         1092708 kB
Cached:          7077904 kB
SwapCached:        45252 kB

23-08-18-16:15:55 %CPU
MemTotal:       16109304 kB
MemFree:          919692 kB
Cached:          7164196 kB
SwapCached:        45272 kB

23-08-18-16:16:25 %CPU
MemTotal:       16109304 kB
MemFree:         1329812 kB
Cached:          6809528 kB
SwapCached:        45572 kB

23-08-18-16:16:55 %CPU
MemTotal:       16109304 kB
MemFree:         1291944 kB
Cached:          6829612 kB
SwapCached:        45568 kB

23-08-18-16:17:25 %CPU
MemTotal:       16109304 kB
MemFree:         1264980 kB
Cached:          6850668 kB
SwapCached:        45572 kB

23-08-18-16:17:56 %CPU
MemTotal:       16109304 kB
MemFree:         1235492 kB
Cached:          6872648 kB
SwapCached:        45588 kB

23-08-18-16:18:26 %CPU
MemTotal:       16109304 kB
MemFree:         1163936 kB
Cached:          6925176 kB
SwapCached:        45588 kB

23-08-18-16:18:56 %CPU
MemTotal:       16109304 kB
MemFree:         1040224 kB
Cached:          7015516 kB
SwapCached:        45596 kB

23-08-18-16:19:26 %CPU
MemTotal:       16109304 kB
MemFree:         1422500 kB
Cached:          6701356 kB
SwapCached:        44676 kB

23-08-18-16:19:56 %CPU
MemTotal:       16109304 kB
MemFree:         1356600 kB
Cached:          6758276 kB
SwapCached:        44676 kB

23-08-18-16:20:27 %CPU
MemTotal:       16109304 kB
MemFree:         1308436 kB
Cached:          6805560 kB
SwapCached:        44672 kB

23-08-18-16:20:57 %CPU
MemTotal:       16109304 kB
MemFree:         1338528 kB
Cached:          6767380 kB
SwapCached:        44684 kB

23-08-18-16:21:27 %CPU
MemTotal:       16109304 kB
MemFree:         1290080 kB
Cached:          6803268 kB
SwapCached:        44684 kB

23-08-18-16:21:57 %CPU
MemTotal:       16109304 kB
MemFree:         1126036 kB
Cached:          6890160 kB
SwapCached:        44680 kB

23-08-18-16:22:27 %CPU
MemTotal:       16109304 kB
MemFree:          165644 kB
Cached:          6986368 kB
SwapCached:        44680 kB

23-08-18-16:22:57 %CPU
MemTotal:       16109304 kB
MemFree:         1421052 kB
Cached:          6614152 kB
SwapCached:        44612 kB

23-08-18-16:23:28 %CPU
MemTotal:       16109304 kB
MemFree:         1457268 kB
Cached:          6635620 kB
SwapCached:        44624 kB

23-08-18-16:23:58 %CPU
MemTotal:       16109304 kB
MemFree:         1440484 kB
Cached:          6640540 kB
SwapCached:        44632 kB

23-08-18-16:24:28 %CPU
MemTotal:       16109304 kB
MemFree:         1427264 kB
Cached:          6651300 kB
SwapCached:        44624 kB

23-08-18-16:24:58 %CPU
MemTotal:       16109304 kB
MemFree:         1237028 kB
Cached:          6739916 kB
SwapCached:        44620 kB

23-08-18-16:25:28 %CPU
MemTotal:       16109304 kB
MemFree:          436260 kB
Cached:          6824956 kB
SwapCached:        44620 kB

23-08-18-16:25:58 %CPU
MemTotal:       16109304 kB
MemFree:         1461072 kB
Cached:          6573664 kB
SwapCached:        44516 kB

23-08-18-16:26:29 %CPU
MemTotal:       16109304 kB
MemFree:         1434064 kB
Cached:          6595652 kB
SwapCached:        44528 kB

23-08-18-16:26:59 %CPU
MemTotal:       16109304 kB
MemFree:         1394568 kB
Cached:          6615568 kB
SwapCached:        44528 kB

23-08-18-16:27:29 %CPU
MemTotal:       16109304 kB
MemFree:         1363288 kB
Cached:          6641552 kB
SwapCached:        44548 kB

23-08-18-16:27:59 %CPU
MemTotal:       16109304 kB
MemFree:         1196980 kB
Cached:          6732000 kB
SwapCached:        44548 kB

23-08-18-16:28:29 %CPU
MemTotal:       16109304 kB
MemFree:         1012296 kB
Cached:          6818636 kB
SwapCached:        44544 kB

23-08-18-16:29:00 %CPU
MemTotal:       16109304 kB
MemFree:         1078752 kB
Cached:          6840444 kB
SwapCached:        44544 kB

23-08-18-16:29:30 %CPU
MemTotal:       16109304 kB
MemFree:         1110424 kB
Cached:          6859540 kB
SwapCached:        44548 kB

23-08-18-16:30:00 %CPU
MemTotal:       16109304 kB
MemFree:         1079620 kB
Cached:          6880104 kB
SwapCached:        44572 kB

23-08-18-16:30:30 %CPU
MemTotal:       16109304 kB
MemFree:         1055984 kB
Cached:          6900592 kB
SwapCached:        44596 kB

23-08-18-16:31:00 %CPU
MemTotal:       16109304 kB
MemFree:          892128 kB
Cached:          6990244 kB
SwapCached:        44596 kB

23-08-18-16:31:30 %CPU
MemTotal:       16109304 kB
MemFree:          715984 kB
Cached:          7069120 kB
SwapCached:        44596 kB

23-08-18-16:32:01 %CPU
MemTotal:       16109304 kB
MemFree:         1476556 kB
Cached:          6476440 kB
SwapCached:        44524 kB

23-08-18-16:32:31 %CPU
MemTotal:       16109304 kB
MemFree:         1456432 kB
Cached:          6487252 kB
SwapCached:        44524 kB

23-08-18-16:33:01 %CPU
MemTotal:       16109304 kB
MemFree:         1417352 kB
Cached:          6517396 kB
SwapCached:        44524 kB

23-08-18-16:33:31 %CPU
MemTotal:       16109304 kB
MemFree:         1398560 kB
Cached:          6532024 kB
SwapCached:        44524 kB

23-08-18-16:34:01 %CPU
MemTotal:       16109304 kB
MemFree:         1269748 kB
Cached:          6606860 kB
SwapCached:        44552 kB

23-08-18-16:34:31 %CPU
MemTotal:       16109304 kB
MemFree:         1092356 kB
Cached:          6690268 kB
SwapCached:        44580 kB

23-08-18-16:35:02 %CPU
MemTotal:       16109304 kB
MemFree:         1403156 kB
Cached:          6474208 kB
SwapCached:        44652 kB

23-08-18-16:35:32 %CPU
MemTotal:       16109304 kB
MemFree:         1385708 kB
Cached:          6488024 kB
SwapCached:        44660 kB

23-08-18-16:36:02 %CPU
MemTotal:       16109304 kB
MemFree:         1337440 kB
Cached:          6530204 kB
SwapCached:        44660 kB

23-08-18-16:36:32 %CPU
MemTotal:       16109304 kB
MemFree:         1444464 kB
Cached:          6527888 kB
SwapCached:        44660 kB

23-08-18-16:37:02 %CPU
MemTotal:       16109304 kB
MemFree:         1228352 kB
Cached:          6714452 kB
SwapCached:        44660 kB

23-08-18-16:37:33 %CPU
MemTotal:       16109304 kB
MemFree:         1191204 kB
Cached:          6670116 kB
SwapCached:        44656 kB

23-08-18-16:38:03 %CPU
MemTotal:       16109304 kB
MemFree:         1308664 kB
Cached:          6622192 kB
SwapCached:        44696 kB

23-08-18-16:38:33 %CPU
MemTotal:       16109304 kB
MemFree:         1292584 kB
Cached:          6631556 kB
SwapCached:        44708 kB

23-08-18-16:39:03 %CPU
MemTotal:       16109304 kB
MemFree:         1236544 kB
Cached:          6669184 kB
SwapCached:        44708 kB

23-08-18-16:39:33 %CPU
MemTotal:       16109304 kB
MemFree:         1225736 kB
Cached:          6674200 kB
SwapCached:        44708 kB

23-08-18-16:40:03 %CPU
MemTotal:       16109304 kB
MemFree:         1164912 kB
Cached:          6721932 kB
SwapCached:        44700 kB

23-08-18-16:40:34 %CPU
MemTotal:       16109304 kB
MemFree:          916284 kB
Cached:          6912980 kB
SwapCached:        45092 kB

23-08-18-16:41:04 %CPU
MemTotal:       16109304 kB
MemFree:          161584 kB
Cached:          6779200 kB
SwapCached:        44772 kB

23-08-18-16:41:34 %CPU
MemTotal:       16109304 kB
MemFree:         1408904 kB
Cached:          6477532 kB
SwapCached:        44812 kB

23-08-18-16:42:04 %CPU
MemTotal:       16109304 kB
MemFree:         1255656 kB
Cached:          6604988 kB
SwapCached:        45880 kB

23-08-18-16:42:34 %CPU
MemTotal:       16109304 kB
MemFree:         1254656 kB
Cached:          6592144 kB
SwapCached:        45920 kB

23-08-18-16:43:04 %CPU
MemTotal:       16109304 kB
MemFree:         1230712 kB
Cached:          6609140 kB
SwapCached:        45924 kB

23-08-18-16:43:35 %CPU
MemTotal:       16109304 kB
MemFree:         1062412 kB
Cached:          6700840 kB
SwapCached:        45960 kB

23-08-18-16:44:05 %CPU
MemTotal:       16109304 kB
MemFree:          157620 kB
Cached:          6792860 kB
SwapCached:        45964 kB

23-08-18-16:44:35 %CPU
MemTotal:       16109304 kB
MemFree:         1273260 kB
Cached:          6550920 kB
SwapCached:        46056 kB

23-08-18-16:45:05 %CPU
MemTotal:       16109304 kB
MemFree:          998000 kB
Cached:          6678220 kB
SwapCached:        47704 kB

23-08-18-16:45:35 %CPU
MemTotal:       16109304 kB
MemFree:          856272 kB
Cached:          6824696 kB
SwapCached:        47704 kB

23-08-18-16:46:05 %CPU
MemTotal:       16109304 kB
MemFree:          706324 kB
Cached:          6955064 kB
SwapCached:        47704 kB

23-08-18-16:46:36 %CPU
MemTotal:       16109304 kB
MemFree:          632328 kB
Cached:          6969236 kB
SwapCached:        47692 kB

23-08-18-16:47:06 %CPU
MemTotal:       16109304 kB
MemFree:          458964 kB
Cached:          7036120 kB
SwapCached:        47712 kB

23-08-18-16:47:36 %CPU
MemTotal:       16109304 kB
MemFree:         1345276 kB
Cached:          6282856 kB
SwapCached:        46452 kB

23-08-18-16:48:06 %CPU
MemTotal:       16109304 kB
MemFree:         1212652 kB
Cached:          6387440 kB
SwapCached:        48136 kB

23-08-18-16:48:36 %CPU
MemTotal:       16109304 kB
MemFree:         1239004 kB
Cached:          6361864 kB
SwapCached:        48336 kB

23-08-18-16:49:07 %CPU
MemTotal:       16109304 kB
MemFree:         1134196 kB
Cached:          6448164 kB
SwapCached:        48656 kB

23-08-18-16:49:37 %CPU
MemTotal:       16109304 kB
MemFree:         1005812 kB
Cached:          6518592 kB
SwapCached:        48624 kB

23-08-18-16:50:07 %CPU
MemTotal:       16109304 kB
MemFree:          832888 kB
Cached:          6627392 kB
SwapCached:        48624 kB

23-08-18-16:50:37 %CPU
MemTotal:       16109304 kB
MemFree:         1462120 kB
Cached:          6145928 kB
SwapCached:        49116 kB

23-08-18-16:51:07 %CPU
MemTotal:       16109304 kB
MemFree:         1490760 kB
Cached:          6248304 kB
SwapCached:        49264 kB

23-08-18-16:51:37 %CPU
MemTotal:       16109304 kB
MemFree:         1474280 kB
Cached:          6216432 kB
SwapCached:        49224 kB

23-08-18-16:52:08 %CPU
MemTotal:       16109304 kB
MemFree:         1466016 kB
Cached:          6231480 kB
SwapCached:        49212 kB

23-08-18-16:52:38 %CPU
MemTotal:       16109304 kB
MemFree:         1369144 kB
Cached:          6276968 kB
SwapCached:        49204 kB

23-08-18-16:53:08 %CPU
MemTotal:       16109304 kB
MemFree:         1165988 kB
Cached:          6383712 kB
SwapCached:        49212 kB

23-08-18-16:53:38 %CPU
MemTotal:       16109304 kB
MemFree:         1424008 kB
Cached:          6210212 kB
SwapCached:        48872 kB

23-08-18-16:54:08 %CPU
MemTotal:       16109304 kB
MemFree:         1374316 kB
Cached:          6255092 kB
SwapCached:        48892 kB

23-08-18-16:54:39 %CPU
MemTotal:       16109304 kB
MemFree:         1332628 kB
Cached:          6276156 kB
SwapCached:        49008 kB

23-08-18-16:55:09 %CPU
MemTotal:       16109304 kB
MemFree:         1172556 kB
Cached:          6382084 kB
SwapCached:        49040 kB

23-08-18-16:55:39 %CPU
MemTotal:       16109304 kB
MemFree:          751056 kB
Cached:          6784348 kB
SwapCached:        49056 kB

23-08-18-16:56:09 %CPU
MemTotal:       16109304 kB
MemFree:          526948 kB
Cached:          6827364 kB
SwapCached:        49060 kB

23-08-18-16:56:39 %CPU
MemTotal:       16109304 kB
MemFree:         1364268 kB
Cached:          6092920 kB
SwapCached:        52952 kB

23-08-18-16:57:09 %CPU
MemTotal:       16109304 kB
MemFree:         1254304 kB
Cached:          6158208 kB
SwapCached:        52988 kB

23-08-18-16:57:40 %CPU
MemTotal:       16109304 kB
MemFree:         1225896 kB
Cached:          6173768 kB
SwapCached:        52976 kB

23-08-18-16:58:10 %CPU
MemTotal:       16109304 kB
MemFree:         1635936 kB
Cached:          6180348 kB
SwapCached:        47848 kB

23-08-18-16:58:40 %CPU
MemTotal:       16109304 kB
MemFree:         1740184 kB
Cached:          6231168 kB
SwapCached:        47836 kB

23-08-18-16:59:10 %CPU
MemTotal:       16109304 kB
MemFree:         1696460 kB
Cached:          6334684 kB
SwapCached:        47980 kB

23-08-18-16:59:40 %CPU
MemTotal:       16109304 kB
MemFree:         1745724 kB
Cached:          6336540 kB
SwapCached:        47980 kB

23-08-18-17:00:10 %CPU
MemTotal:       16109304 kB
MemFree:         2015048 kB
Cached:          6346920 kB
SwapCached:        48068 kB

23-08-18-17:00:41 %CPU
MemTotal:       16109304 kB
MemFree:         1982988 kB
Cached:          6366476 kB
SwapCached:        48060 kB

23-08-18-17:01:11 %CPU
MemTotal:       16109304 kB
MemFree:         1600748 kB
Cached:          6463360 kB
SwapCached:        48092 kB

23-08-18-17:01:41 %CPU
MemTotal:       16109304 kB
MemFree:         1458884 kB
Cached:          6458092 kB
SwapCached:        48112 kB

23-08-18-17:02:11 %CPU
MemTotal:       16109304 kB
MemFree:         1065844 kB
Cached:          6666340 kB
SwapCached:        48112 kB

23-08-18-17:02:41 %CPU
MemTotal:       16109304 kB
MemFree:          163992 kB
Cached:          6578684 kB
SwapCached:        48380 kB

23-08-18-17:03:11 %CPU
MemTotal:       16109304 kB
MemFree:         1380216 kB
Cached:          6373688 kB
SwapCached:        48368 kB

23-08-18-17:03:42 %CPU
MemTotal:       16109304 kB
MemFree:         1388936 kB
Cached:          6372880 kB
SwapCached:        49636 kB

23-08-18-17:04:12 %CPU
MemTotal:       16109304 kB
MemFree:         1326736 kB
Cached:          6422900 kB
SwapCached:        49628 kB

23-08-18-17:04:42 %CPU
MemTotal:       16109304 kB
MemFree:         1480196 kB
Cached:          6442204 kB
SwapCached:        49640 kB

23-08-18-17:05:12 %CPU
MemTotal:       16109304 kB
MemFree:         1261724 kB
Cached:          6575004 kB
SwapCached:        49644 kB

23-08-18-17:05:42 %CPU
MemTotal:       16109304 kB
MemFree:         1107040 kB
Cached:          6636136 kB
SwapCached:        49660 kB

23-08-18-17:06:12 %CPU
MemTotal:       16109304 kB
MemFree:         1402716 kB
Cached:          6488704 kB
SwapCached:        49636 kB

23-08-18-17:06:43 %CPU
MemTotal:       16109304 kB
MemFree:         1362020 kB
Cached:          6513712 kB
SwapCached:        49664 kB

23-08-18-17:07:13 %CPU
MemTotal:       16109304 kB
MemFree:         1520536 kB
Cached:          6482716 kB
SwapCached:        49696 kB

23-08-18-17:07:43 %CPU
MemTotal:       16109304 kB
MemFree:         1481836 kB
Cached:          6503548 kB
SwapCached:        49704 kB

23-08-18-17:08:13 %CPU
MemTotal:       16109304 kB
MemFree:         1309548 kB
Cached:          6590780 kB
SwapCached:        49696 kB

23-08-18-17:08:43 %CPU
MemTotal:       16109304 kB
MemFree:          631304 kB
Cached:          6827632 kB
SwapCached:        49692 kB

23-08-18-17:09:14 %CPU
MemTotal:       16109304 kB
MemFree:         1344876 kB
Cached:          6243244 kB
SwapCached:        49620 kB

23-08-18-17:09:44 %CPU
MemTotal:       16109304 kB
MemFree:         1310592 kB
Cached:          6265140 kB
SwapCached:        49636 kB

23-08-18-17:10:14 %CPU
MemTotal:       16109304 kB
MemFree:         1314316 kB
Cached:          6285476 kB
SwapCached:        49640 kB

23-08-18-17:10:44 %CPU
MemTotal:       16109304 kB
MemFree:         1293664 kB
Cached:          6305032 kB
SwapCached:        49636 kB

23-08-18-17:11:14 %CPU
MemTotal:       16109304 kB
MemFree:         1191084 kB
Cached:          6372708 kB
SwapCached:        49664 kB

23-08-18-17:11:44 %CPU
MemTotal:       16109304 kB
MemFree:         1004832 kB
Cached:          6460668 kB
SwapCached:        49676 kB

23-08-18-17:12:15 %CPU
MemTotal:       16109304 kB
MemFree:         1406812 kB
Cached:          6166012 kB
SwapCached:        49664 kB

23-08-18-17:12:45 %CPU
MemTotal:       16109304 kB
MemFree:         1382588 kB
Cached:          6187112 kB
SwapCached:        49664 kB

23-08-18-17:13:15 %CPU
MemTotal:       16109304 kB
MemFree:         1352636 kB
Cached:          6207328 kB
SwapCached:        49660 kB

23-08-18-17:13:45 %CPU
MemTotal:       16109304 kB
MemFree:         1330904 kB
Cached:          6227328 kB
SwapCached:        49660 kB

23-08-18-17:14:15 %CPU
MemTotal:       16109304 kB
MemFree:         1251672 kB
Cached:          6281316 kB
SwapCached:        49660 kB

23-08-18-17:14:46 %CPU
MemTotal:       16109304 kB
MemFree:         1066348 kB
Cached:          6368352 kB
SwapCached:        49656 kB

23-08-18-17:15:16 %CPU
MemTotal:       16109304 kB
MemFree:         1411892 kB
Cached:          6118224 kB
SwapCached:        49724 kB

23-08-18-17:15:46 %CPU
MemTotal:       16109304 kB
MemFree:         1379184 kB
Cached:          6141744 kB
SwapCached:        49728 kB

23-08-18-17:16:16 %CPU
MemTotal:       16109304 kB
MemFree:         1333284 kB
Cached:          6176552 kB
SwapCached:        49728 kB

23-08-18-17:16:46 %CPU
MemTotal:       16109304 kB
MemFree:         1165232 kB
Cached:          6236104 kB
SwapCached:        49760 kB

23-08-18-17:17:16 %CPU
MemTotal:       16109304 kB
MemFree:          970384 kB
Cached:          6421288 kB
SwapCached:        49756 kB

23-08-18-17:17:47 %CPU
MemTotal:       16109304 kB
MemFree:          839032 kB
Cached:          6451032 kB
SwapCached:        49764 kB

23-08-18-17:18:17 %CPU
MemTotal:       16109304 kB
MemFree:         1427516 kB
Cached:          5930664 kB
SwapCached:        49664 kB

23-08-18-17:18:47 %CPU
MemTotal:       16109304 kB
MemFree:         1465620 kB
Cached:          5954224 kB
SwapCached:        49656 kB

23-08-18-17:19:17 %CPU
MemTotal:       16109304 kB
MemFree:         1434204 kB
Cached:          5975664 kB
SwapCached:        49664 kB

23-08-18-17:19:47 %CPU
MemTotal:       16109304 kB
MemFree:         1398836 kB
Cached:          6003292 kB
SwapCached:        49688 kB

23-08-18-17:20:17 %CPU
MemTotal:       16109304 kB
MemFree:         1309900 kB
Cached:          6056584 kB
SwapCached:        49784 kB

23-08-18-17:20:48 %CPU
MemTotal:       16109304 kB
MemFree:         1133684 kB
Cached:          6133660 kB
SwapCached:        49780 kB

23-08-18-17:21:18 %CPU
MemTotal:       16109304 kB
MemFree:          183480 kB
Cached:          5941804 kB
SwapCached:        49728 kB

23-08-18-17:21:48 %CPU
MemTotal:       16109304 kB
MemFree:         1411784 kB
Cached:          5931668 kB
SwapCached:        49764 kB

23-08-18-17:22:18 %CPU
MemTotal:       16109304 kB
MemFree:         1329600 kB
Cached:          5982584 kB
SwapCached:        49764 kB

23-08-18-17:22:48 %CPU
MemTotal:       16109304 kB
MemFree:         1249000 kB
Cached:          6018872 kB
SwapCached:        49908 kB

23-08-18-17:23:18 %CPU
MemTotal:       16109304 kB
MemFree:         1399428 kB
Cached:          6038248 kB
SwapCached:        49908 kB

23-08-18-17:23:49 %CPU
MemTotal:       16109304 kB
MemFree:         1214668 kB
Cached:          6160604 kB
SwapCached:        49916 kB

23-08-18-17:24:19 %CPU
MemTotal:       16109304 kB
MemFree:         1057316 kB
Cached:          6226132 kB
SwapCached:        49960 kB

23-08-18-17:24:49 %CPU
MemTotal:       16109304 kB
MemFree:         1452520 kB
Cached:          6123688 kB
SwapCached:        49968 kB

23-08-18-17:25:19 %CPU
MemTotal:       16109304 kB
MemFree:         1410816 kB
Cached:          6155444 kB
SwapCached:        50068 kB

23-08-18-17:25:49 %CPU
MemTotal:       16109304 kB
MemFree:         1360784 kB
Cached:          6202276 kB
SwapCached:        50068 kB

23-08-18-17:26:20 %CPU
MemTotal:       16109304 kB
MemFree:         1380260 kB
Cached:          6173764 kB
SwapCached:        50064 kB

23-08-18-17:26:50 %CPU
MemTotal:       16109304 kB
MemFree:         1232588 kB
Cached:          6271036 kB
SwapCached:        50060 kB

23-08-18-17:27:20 %CPU
MemTotal:       16109304 kB
MemFree:         1012464 kB
Cached:          6394672 kB
SwapCached:        50076 kB

23-08-18-17:27:50 %CPU
MemTotal:       16109304 kB
MemFree:         1396884 kB
Cached:          6127296 kB
SwapCached:        50260 kB

23-08-18-17:28:20 %CPU
MemTotal:       16109304 kB
MemFree:         1351976 kB
Cached:          6157868 kB
SwapCached:        50212 kB

23-08-18-17:28:50 %CPU
MemTotal:       16109304 kB
MemFree:         1320800 kB
Cached:          6184288 kB
SwapCached:        50232 kB

23-08-18-17:29:21 %CPU
MemTotal:       16109304 kB
MemFree:         1301656 kB
Cached:          6197076 kB
SwapCached:        50224 kB

23-08-18-17:29:51 %CPU
MemTotal:       16109304 kB
MemFree:         1179864 kB
Cached:          6274040 kB
SwapCached:        50224 kB

23-08-18-17:30:21 %CPU
MemTotal:       16109304 kB
MemFree:         1002468 kB
Cached:          6353932 kB
SwapCached:        50224 kB

23-08-18-17:30:51 %CPU
MemTotal:       16109304 kB
MemFree:         1322696 kB
Cached:          6120276 kB
SwapCached:        49076 kB

23-08-18-17:31:21 %CPU
MemTotal:       16109304 kB
MemFree:         1144272 kB
Cached:          6180316 kB
SwapCached:        49164 kB

23-08-18-17:31:51 %CPU
MemTotal:       16109304 kB
MemFree:         1105024 kB
Cached:          6237740 kB
SwapCached:        49092 kB

23-08-18-17:32:22 %CPU
MemTotal:       16109304 kB
MemFree:         1131756 kB
Cached:          6207932 kB
SwapCached:        49092 kB

23-08-18-17:32:52 %CPU
MemTotal:       16109304 kB
MemFree:         1046176 kB
Cached:          6267712 kB
SwapCached:        49100 kB

23-08-18-17:33:22 %CPU
MemTotal:       16109304 kB
MemFree:          889832 kB
Cached:          6347332 kB
SwapCached:        49100 kB

23-08-18-17:33:52 %CPU
MemTotal:       16109304 kB
MemFree:         1332104 kB
Cached:          5986676 kB
SwapCached:        48780 kB

23-08-18-17:34:22 %CPU
MemTotal:       16109304 kB
MemFree:         1277664 kB
Cached:          6032924 kB
SwapCached:        48792 kB

23-08-18-17:34:53 %CPU
MemTotal:       16109304 kB
MemFree:         1248312 kB
Cached:          6054532 kB
SwapCached:        48800 kB

23-08-18-17:35:23 %CPU
MemTotal:       16109304 kB
MemFree:         1210360 kB
Cached:          6069992 kB
SwapCached:        48928 kB

23-08-18-17:35:53 %CPU
MemTotal:       16109304 kB
MemFree:         1145600 kB
Cached:          6090140 kB
SwapCached:        48952 kB

23-08-18-17:36:23 %CPU
MemTotal:       16109304 kB
MemFree:          983688 kB
Cached:          6180884 kB
SwapCached:        48952 kB

23-08-18-17:36:53 %CPU
MemTotal:       16109304 kB
MemFree:         1382792 kB
Cached:          5830388 kB
SwapCached:        48508 kB

23-08-18-17:37:23 %CPU
MemTotal:       16109304 kB
MemFree:         1352464 kB
Cached:          6017652 kB
SwapCached:        48508 kB

23-08-18-17:37:54 %CPU
MemTotal:       16109304 kB
MemFree:         1232596 kB
Cached:          6129100 kB
SwapCached:        48524 kB

23-08-18-17:38:24 %CPU
MemTotal:       16109304 kB
MemFree:         1169508 kB
Cached:          6162444 kB
SwapCached:        48524 kB

23-08-18-17:38:54 %CPU
MemTotal:       16109304 kB
MemFree:         1495376 kB
Cached:          6170140 kB
SwapCached:        48528 kB

23-08-18-17:39:24 %CPU
MemTotal:       16109304 kB
MemFree:         1024056 kB
Cached:          6293532 kB
SwapCached:        48544 kB

23-08-18-17:39:54 %CPU
MemTotal:       16109304 kB
MemFree:         1229508 kB
Cached:          5744944 kB
SwapCached:        47788 kB

23-08-18-17:40:24 %CPU
MemTotal:       16109304 kB
MemFree:         1104828 kB
Cached:          5963432 kB
SwapCached:        47808 kB

23-08-18-17:40:55 %CPU
MemTotal:       16109304 kB
MemFree:          903784 kB
Cached:          6116396 kB
SwapCached:        47820 kB

23-08-18-17:41:25 %CPU
MemTotal:       16109304 kB
MemFree:          662320 kB
Cached:          6263496 kB
SwapCached:        47808 kB

23-08-18-17:41:55 %CPU
MemTotal:       16109304 kB
MemFree:          566632 kB
Cached:          6323580 kB
SwapCached:        48248 kB

23-08-18-17:42:25 %CPU
MemTotal:       16109304 kB
MemFree:          905752 kB
Cached:          5511064 kB
SwapCached:        48576 kB

23-08-18-17:42:55 %CPU
MemTotal:       16109304 kB
MemFree:          872144 kB
Cached:          5534192 kB
SwapCached:        48576 kB

23-08-18-17:43:25 %CPU
MemTotal:       16109304 kB
MemFree:         1321644 kB
Cached:          5212740 kB
SwapCached:        46228 kB

23-08-18-17:43:56 %CPU
MemTotal:       16109304 kB
MemFree:         1269312 kB
Cached:          5224992 kB
SwapCached:        46224 kB

23-08-18-17:44:26 %CPU
MemTotal:       16109304 kB
MemFree:         1201732 kB
Cached:          5262684 kB
SwapCached:        46224 kB

23-08-18-17:44:56 %CPU
MemTotal:       16109304 kB
MemFree:         1062648 kB
Cached:          5315664 kB
SwapCached:        46220 kB

23-08-18-17:45:26 %CPU
MemTotal:       16109304 kB
MemFree:          992312 kB
Cached:          5399168 kB
SwapCached:        46224 kB

23-08-18-17:45:56 %CPU
MemTotal:       16109304 kB
MemFree:          964848 kB
Cached:          5497896 kB
SwapCached:        46224 kB

23-08-18-17:46:26 %CPU
MemTotal:       16109304 kB
MemFree:         1437316 kB
Cached:          5196056 kB
SwapCached:        47044 kB

23-08-18-17:46:57 %CPU
MemTotal:       16109304 kB
MemFree:         1416596 kB
Cached:          5208616 kB
SwapCached:        47040 kB

23-08-18-17:47:27 %CPU
MemTotal:       16109304 kB
MemFree:         1386984 kB
Cached:          5248032 kB
SwapCached:        47044 kB

23-08-18-17:47:57 %CPU
MemTotal:       16109304 kB
MemFree:         1377272 kB
Cached:          5251548 kB
SwapCached:        47052 kB

23-08-18-17:48:27 %CPU
MemTotal:       16109304 kB
MemFree:         1236884 kB
Cached:          5333424 kB
SwapCached:        47052 kB

23-08-18-17:48:57 %CPU
MemTotal:       16109304 kB
MemFree:         1071560 kB
Cached:          5403956 kB
SwapCached:        47052 kB

23-08-18-17:49:28 %CPU
MemTotal:       16109304 kB
MemFree:         1382344 kB
Cached:          5175944 kB
SwapCached:        46512 kB

23-08-18-17:49:58 %CPU
MemTotal:       16109304 kB
MemFree:         1312308 kB
Cached:          5230984 kB
SwapCached:        46528 kB

23-08-18-17:50:28 %CPU
MemTotal:       16109304 kB
MemFree:         1305600 kB
Cached:          5223104 kB
SwapCached:        46588 kB

23-08-18-17:50:58 %CPU
MemTotal:       16109304 kB
MemFree:         1310040 kB
Cached:          5237932 kB
SwapCached:        46604 kB

23-08-18-17:51:28 %CPU
MemTotal:       16109304 kB
MemFree:         1181608 kB
Cached:          5320712 kB
SwapCached:        46600 kB

23-08-18-17:51:58 %CPU
MemTotal:       16109304 kB
MemFree:         1000272 kB
Cached:          5413956 kB
SwapCached:        46676 kB

23-08-18-17:52:29 %CPU
MemTotal:       16109304 kB
MemFree:         1286028 kB
Cached:          5258004 kB
SwapCached:        46272 kB

23-08-18-17:52:59 %CPU
MemTotal:       16109304 kB
MemFree:         1327568 kB
Cached:          5248564 kB
SwapCached:        46288 kB

23-08-18-17:53:29 %CPU
MemTotal:       16109304 kB
MemFree:         1272744 kB
Cached:          5288020 kB
SwapCached:        46284 kB

23-08-18-17:53:59 %CPU
MemTotal:       16109304 kB
MemFree:         1241256 kB
Cached:          5311156 kB
SwapCached:        46308 kB

23-08-18-17:54:29 %CPU
MemTotal:       16109304 kB
MemFree:         1210820 kB
Cached:          5325952 kB
SwapCached:        46312 kB

23-08-18-17:55:00 %CPU
MemTotal:       16109304 kB
MemFree:         1208696 kB
Cached:          5422160 kB
SwapCached:        46312 kB

23-08-18-17:55:30 %CPU
MemTotal:       16109304 kB
MemFree:         1377292 kB
Cached:          5261328 kB
SwapCached:        46832 kB

23-08-18-17:56:00 %CPU
MemTotal:       16109304 kB
MemFree:         1405020 kB
Cached:          5286592 kB
SwapCached:        46832 kB

23-08-18-17:56:30 %CPU
MemTotal:       16109304 kB
MemFree:         1343376 kB
Cached:          5323204 kB
SwapCached:        46832 kB

23-08-18-17:57:00 %CPU
MemTotal:       16109304 kB
MemFree:         1248684 kB
Cached:          5413280 kB
SwapCached:        46832 kB

23-08-18-17:57:30 %CPU
MemTotal:       16109304 kB
MemFree:         1197532 kB
Cached:          5440780 kB
SwapCached:        46840 kB

23-08-18-17:58:01 %CPU
MemTotal:       16109304 kB
MemFree:         1030632 kB
Cached:          5517008 kB
SwapCached:        46840 kB

23-08-18-17:58:31 %CPU
MemTotal:       16109304 kB
MemFree:         1416580 kB
Cached:          5155868 kB
SwapCached:        46500 kB

23-08-18-17:59:01 %CPU
MemTotal:       16109304 kB
MemFree:         1304316 kB
Cached:          5253768 kB
SwapCached:        46608 kB

23-08-18-17:59:31 %CPU
MemTotal:       16109304 kB
MemFree:         1332816 kB
Cached:          5257120 kB
SwapCached:        46604 kB

23-08-18-18:00:01 %CPU
MemTotal:       16109304 kB
MemFree:         1318836 kB
Cached:          5268360 kB
SwapCached:        46616 kB

23-08-18-18:00:31 %CPU
MemTotal:       16109304 kB
MemFree:         1312624 kB
Cached:          5289848 kB
SwapCached:        46600 kB

23-08-18-18:01:02 %CPU
MemTotal:       16109304 kB
MemFree:         1135668 kB
Cached:          5383220 kB
SwapCached:        46576 kB

23-08-18-18:01:32 %CPU
MemTotal:       16109304 kB
MemFree:          961684 kB
Cached:          5467824 kB
SwapCached:        46588 kB

23-08-18-18:02:02 %CPU
MemTotal:       16109304 kB
MemFree:         1333312 kB
Cached:          5170488 kB
SwapCached:        46668 kB

23-08-18-18:02:32 %CPU
MemTotal:       16109304 kB
MemFree:         1283604 kB
Cached:          5168024 kB
SwapCached:        46668 kB

23-08-18-18:03:02 %CPU
MemTotal:       16109304 kB
MemFree:         1258172 kB
Cached:          5196448 kB
SwapCached:        46672 kB

23-08-18-18:03:32 %CPU
MemTotal:       16109304 kB
MemFree:         1251020 kB
Cached:          5210352 kB
SwapCached:        46672 kB

23-08-18-18:04:03 %CPU
MemTotal:       16109304 kB
MemFree:         1104096 kB
Cached:          5297800 kB
SwapCached:        46676 kB

23-08-18-18:04:33 %CPU
MemTotal:       16109304 kB
MemFree:          950156 kB
Cached:          5369444 kB
SwapCached:        46680 kB

23-08-18-18:05:03 %CPU
MemTotal:       16109304 kB
MemFree:         1321772 kB
Cached:          5112404 kB
SwapCached:        44772 kB

23-08-18-18:05:33 %CPU
MemTotal:       16109304 kB
MemFree:         1312128 kB
Cached:          5123396 kB
SwapCached:        44784 kB

23-08-18-18:06:03 %CPU
MemTotal:       16109304 kB
MemFree:         1277720 kB
Cached:          5151472 kB
SwapCached:        44784 kB

23-08-18-18:06:34 %CPU
MemTotal:       16109304 kB
MemFree:         1258916 kB
Cached:          5167168 kB
SwapCached:        44784 kB

23-08-18-18:07:04 %CPU
MemTotal:       16109304 kB
MemFree:         1132608 kB
Cached:          5240276 kB
SwapCached:        44784 kB

23-08-18-18:07:34 %CPU
MemTotal:       16109304 kB
MemFree:         1162708 kB
Cached:          5313952 kB
SwapCached:        44784 kB

23-08-18-18:08:04 %CPU
MemTotal:       16109304 kB
MemFree:         1316372 kB
Cached:          5221796 kB
SwapCached:        44440 kB

23-08-18-18:08:34 %CPU
MemTotal:       16109304 kB
MemFree:         1299464 kB
Cached:          5232872 kB
SwapCached:        44440 kB

23-08-18-18:09:04 %CPU
MemTotal:       16109304 kB
MemFree:         1262904 kB
Cached:          5261176 kB
SwapCached:        44436 kB

23-08-18-18:09:35 %CPU
MemTotal:       16109304 kB
MemFree:         1248320 kB
Cached:          5272228 kB
SwapCached:        44436 kB

23-08-18-18:10:05 %CPU
MemTotal:       16109304 kB
MemFree:         1167032 kB
Cached:          5329468 kB
SwapCached:        44432 kB

23-08-18-18:10:35 %CPU
MemTotal:       16109304 kB
MemFree:         1031040 kB
Cached:          5389956 kB
SwapCached:        44432 kB

23-08-18-18:11:05 %CPU
MemTotal:       16109304 kB
MemFree:         1402076 kB
Cached:          5154736 kB
SwapCached:        44216 kB

23-08-18-18:11:35 %CPU
MemTotal:       16109304 kB
MemFree:         1412904 kB
Cached:          5146696 kB
SwapCached:        44216 kB

23-08-18-18:12:06 %CPU
MemTotal:       16109304 kB
MemFree:         1407552 kB
Cached:          5146772 kB
SwapCached:        44216 kB

23-08-18-18:12:36 %CPU
MemTotal:       16109304 kB
MemFree:         1408216 kB
Cached:          5146784 kB
SwapCached:        44228 kB

23-08-18-18:13:06 %CPU
MemTotal:       16109304 kB
MemFree:         1475368 kB
Cached:          5180532 kB
SwapCached:        44232 kB

23-08-18-18:13:36 %CPU
MemTotal:       16109304 kB
MemFree:         1332204 kB
Cached:          5248544 kB
SwapCached:        44236 kB

23-08-18-18:14:06 %CPU
MemTotal:       16109304 kB
MemFree:         1381224 kB
Cached:          5248156 kB
SwapCached:        43392 kB

23-08-18-18:14:36 %CPU
MemTotal:       16109304 kB
MemFree:         1376692 kB
Cached:          5248388 kB
SwapCached:        43392 kB

23-08-18-18:15:07 %CPU
MemTotal:       16109304 kB
MemFree:         1374212 kB
Cached:          5248368 kB
SwapCached:        43392 kB

23-08-18-18:15:37 %CPU
MemTotal:       16109304 kB
MemFree:         1377584 kB
Cached:          5248444 kB
SwapCached:        43392 kB

23-08-18-18:16:07 %CPU
MemTotal:       16109304 kB
MemFree:         1350888 kB
Cached:          5270184 kB
SwapCached:        43392 kB

23-08-18-18:16:37 %CPU
MemTotal:       16109304 kB
MemFree:         1218368 kB
Cached:          5337468 kB
SwapCached:        43392 kB

23-08-18-18:17:07 %CPU
MemTotal:       16109304 kB
MemFree:         1382976 kB
Cached:          5243512 kB
SwapCached:        44072 kB

23-08-18-18:17:37 %CPU
MemTotal:       16109304 kB
MemFree:         1385680 kB
Cached:          5243740 kB
SwapCached:        44072 kB

23-08-18-18:18:08 %CPU
MemTotal:       16109304 kB
MemFree:         1386112 kB
Cached:          5243728 kB
SwapCached:        44072 kB

23-08-18-18:18:38 %CPU
MemTotal:       16109304 kB
MemFree:         1387732 kB
Cached:          5243772 kB
SwapCached:        44072 kB

23-08-18-18:19:08 %CPU
MemTotal:       16109304 kB
MemFree:         1376952 kB
Cached:          5252908 kB
SwapCached:        44072 kB

23-08-18-18:19:38 %CPU
MemTotal:       16109304 kB
MemFree:         1228772 kB
Cached:          5322460 kB
SwapCached:        44072 kB

23-08-18-18:20:08 %CPU
MemTotal:       16109304 kB
MemFree:         1154972 kB
Cached:          5389100 kB
SwapCached:        44100 kB

23-08-18-18:20:38 %CPU
MemTotal:       16109304 kB
MemFree:         1384768 kB
Cached:          5198224 kB
SwapCached:        43192 kB

23-08-18-18:21:09 %CPU
MemTotal:       16109304 kB
MemFree:         1386828 kB
Cached:          5199192 kB
SwapCached:        43192 kB

23-08-18-18:21:39 %CPU
MemTotal:       16109304 kB
MemFree:         1388956 kB
Cached:          5198868 kB
SwapCached:        43188 kB

23-08-18-18:22:09 %CPU
MemTotal:       16109304 kB
MemFree:         1384372 kB
Cached:          5200308 kB
SwapCached:        43188 kB

23-08-18-18:22:39 %CPU
MemTotal:       16109304 kB
MemFree:         1281304 kB
Cached:          5265732 kB
SwapCached:        43200 kB

23-08-18-18:23:09 %CPU
MemTotal:       16109304 kB
MemFree:         1142040 kB
Cached:          5332140 kB
SwapCached:        43200 kB

23-08-18-18:23:40 %CPU
MemTotal:       16109304 kB
MemFree:         1403396 kB
Cached:          5135436 kB
SwapCached:        43092 kB

23-08-18-18:24:10 %CPU
MemTotal:       16109304 kB
MemFree:         1396300 kB
Cached:          5135500 kB
SwapCached:        43084 kB

23-08-18-18:24:40 %CPU
MemTotal:       16109304 kB
MemFree:         1398700 kB
Cached:          5135664 kB
SwapCached:        43088 kB

23-08-18-18:25:10 %CPU
MemTotal:       16109304 kB
MemFree:         1389528 kB
Cached:          5137956 kB
SwapCached:        43084 kB

23-08-18-18:25:40 %CPU
MemTotal:       16109304 kB
MemFree:         1310392 kB
Cached:          5193824 kB
SwapCached:        43080 kB

23-08-18-18:26:10 %CPU
MemTotal:       16109304 kB
MemFree:         1164872 kB
Cached:          5259132 kB
SwapCached:        43080 kB

23-08-18-18:26:41 %CPU
MemTotal:       16109304 kB
MemFree:         1391716 kB
Cached:          5082464 kB
SwapCached:        43696 kB

23-08-18-18:27:11 %CPU
MemTotal:       16109304 kB
MemFree:         1398108 kB
Cached:          5083328 kB
SwapCached:        43696 kB

23-08-18-18:27:41 %CPU
MemTotal:       16109304 kB
MemFree:         1400248 kB
Cached:          5083412 kB
SwapCached:        43708 kB

23-08-18-18:28:11 %CPU
MemTotal:       16109304 kB
MemFree:         1399640 kB
Cached:          5083288 kB
SwapCached:        43708 kB

23-08-18-18:28:41 %CPU
MemTotal:       16109304 kB
MemFree:         1375436 kB
Cached:          5128380 kB
SwapCached:        43708 kB

23-08-18-18:29:11 %CPU
MemTotal:       16109304 kB
MemFree:         1251180 kB
Cached:          5194780 kB
SwapCached:        43708 kB

23-08-18-18:29:42 %CPU
MemTotal:       16109304 kB
MemFree:         1396880 kB
Cached:          5094308 kB
SwapCached:        43092 kB

23-08-18-18:30:12 %CPU
MemTotal:       16109304 kB
MemFree:         1391472 kB
Cached:          5096336 kB
SwapCached:        43088 kB

23-08-18-18:30:42 %CPU
MemTotal:       16109304 kB
MemFree:         1394736 kB
Cached:          5096052 kB
SwapCached:        43088 kB

23-08-18-18:31:12 %CPU
MemTotal:       16109304 kB
MemFree:         1395016 kB
Cached:          5095944 kB
SwapCached:        43108 kB

23-08-18-18:31:42 %CPU
MemTotal:       16109304 kB
MemFree:         1356936 kB
Cached:          5130120 kB
SwapCached:        43104 kB

23-08-18-18:32:13 %CPU
MemTotal:       16109304 kB
MemFree:         1217496 kB
Cached:          5195520 kB
SwapCached:        43104 kB

23-08-18-18:32:43 %CPU
MemTotal:       16109304 kB
MemFree:         1387496 kB
Cached:          5005860 kB
SwapCached:        43180 kB

23-08-18-18:33:13 %CPU
MemTotal:       16109304 kB
MemFree:         1382140 kB
Cached:          5007288 kB
SwapCached:        43180 kB

23-08-18-18:33:43 %CPU
MemTotal:       16109304 kB
MemFree:         1388016 kB
Cached:          5007592 kB
SwapCached:        43180 kB

23-08-18-18:34:13 %CPU
MemTotal:       16109304 kB
MemFree:         1381768 kB
Cached:          5007468 kB
SwapCached:        43180 kB

23-08-18-18:34:43 %CPU
MemTotal:       16109304 kB
MemFree:         1428268 kB
Cached:          5029860 kB
SwapCached:        43184 kB

23-08-18-18:35:14 %CPU
MemTotal:       16109304 kB
MemFree:         1324676 kB
Cached:          5096240 kB
SwapCached:        43180 kB

23-08-18-18:35:44 %CPU
MemTotal:       16109304 kB
MemFree:         1383028 kB
Cached:          4979088 kB
SwapCached:        43232 kB

23-08-18-18:36:14 %CPU
MemTotal:       16109304 kB
MemFree:         1379492 kB
Cached:          4980092 kB
SwapCached:        43236 kB

23-08-18-18:36:44 %CPU
MemTotal:       16109304 kB
MemFree:         1379356 kB
Cached:          4980028 kB
SwapCached:        43232 kB

23-08-18-18:37:14 %CPU
MemTotal:       16109304 kB
MemFree:         1376520 kB
Cached:          4980460 kB
SwapCached:        43232 kB

23-08-18-18:37:45 %CPU
MemTotal:       16109304 kB
MemFree:         1437632 kB
Cached:          4988128 kB
SwapCached:        43232 kB

23-08-18-18:38:15 %CPU
MemTotal:       16109304 kB
MemFree:         1481980 kB
Cached:          5057060 kB
SwapCached:        43232 kB

23-08-18-18:38:45 %CPU
MemTotal:       16109304 kB
MemFree:         1102824 kB
Cached:          5122552 kB
SwapCached:        43244 kB

23-08-18-18:39:15 %CPU
MemTotal:       16109304 kB
MemFree:         1397664 kB
Cached:          5124372 kB
SwapCached:        43244 kB

23-08-18-18:39:45 %CPU
MemTotal:       16109304 kB
MemFree:         1411836 kB
Cached:          5125044 kB
SwapCached:        43244 kB

23-08-18-18:40:15 %CPU
MemTotal:       16109304 kB
MemFree:         1415672 kB
Cached:          5125344 kB
SwapCached:        43244 kB

23-08-18-18:40:46 %CPU
MemTotal:       16109304 kB
MemFree:         1417084 kB
Cached:          5126060 kB
SwapCached:        43256 kB

23-08-18-18:41:16 %CPU
MemTotal:       16109304 kB
MemFree:         1344664 kB
Cached:          5192132 kB
SwapCached:        43256 kB

23-08-18-18:41:46 %CPU
MemTotal:       16109304 kB
MemFree:         1379164 kB
Cached:          5258180 kB
SwapCached:        43256 kB

23-08-18-18:42:16 %CPU
MemTotal:       16109304 kB
MemFree:         1417212 kB
Cached:          5269868 kB
SwapCached:        43256 kB

23-08-18-18:42:46 %CPU
MemTotal:       16109304 kB
MemFree:         1416584 kB
Cached:          5269676 kB
SwapCached:        43252 kB

23-08-18-18:43:16 %CPU
MemTotal:       16109304 kB
MemFree:         1419504 kB
Cached:          5269952 kB
SwapCached:        43252 kB

23-08-18-18:43:47 %CPU
MemTotal:       16109304 kB
MemFree:         1419136 kB
Cached:          5269988 kB
SwapCached:        43248 kB

23-08-18-18:44:17 %CPU
MemTotal:       16109304 kB
MemFree:         1363360 kB
Cached:          5329096 kB
SwapCached:        43248 kB

23-08-18-18:44:47 %CPU
MemTotal:       16109304 kB
MemFree:         1250960 kB
Cached:          5394624 kB
SwapCached:        43248 kB

23-08-18-18:45:17 %CPU
MemTotal:       16109304 kB
MemFree:         1392712 kB
Cached:          5324472 kB
SwapCached:        43152 kB

23-08-18-18:45:47 %CPU
MemTotal:       16109304 kB
MemFree:         1394816 kB
Cached:          5324596 kB
SwapCached:        43152 kB

23-08-18-18:46:17 %CPU
MemTotal:       16109304 kB
MemFree:         1393500 kB
Cached:          5324688 kB
SwapCached:        43152 kB

23-08-18-18:46:48 %CPU
MemTotal:       16109304 kB
MemFree:         1394740 kB
Cached:          5324600 kB
SwapCached:        43156 kB

23-08-18-18:47:18 %CPU
MemTotal:       16109304 kB
MemFree:         1333560 kB
Cached:          5371172 kB
SwapCached:        43168 kB

23-08-18-18:47:48 %CPU
MemTotal:       16109304 kB
MemFree:         1187496 kB
Cached:          5437272 kB
SwapCached:        43168 kB

23-08-18-18:48:18 %CPU
MemTotal:       16109304 kB
MemFree:         1394388 kB
Cached:          5262052 kB
SwapCached:        43856 kB

23-08-18-18:48:48 %CPU
MemTotal:       16109304 kB
MemFree:         1394640 kB
Cached:          5263108 kB
SwapCached:        43860 kB

23-08-18-18:49:19 %CPU
MemTotal:       16109304 kB
MemFree:         1392452 kB
Cached:          5263120 kB
SwapCached:        43860 kB

23-08-18-18:49:49 %CPU
MemTotal:       16109304 kB
MemFree:         1392140 kB
Cached:          5263280 kB
SwapCached:        43860 kB

23-08-18-18:50:19 %CPU
MemTotal:       16109304 kB
MemFree:         1345208 kB
Cached:          5301100 kB
SwapCached:        43856 kB

23-08-18-18:50:49 %CPU
MemTotal:       16109304 kB
MemFree:         1206940 kB
Cached:          5370476 kB
SwapCached:        43860 kB

23-08-18-18:51:19 %CPU
MemTotal:       16109304 kB
MemFree:         1387352 kB
Cached:          5145784 kB
SwapCached:        43488 kB

23-08-18-18:51:49 %CPU
MemTotal:       16109304 kB
MemFree:         1389380 kB
Cached:          5146020 kB
SwapCached:        43488 kB

23-08-18-18:52:20 %CPU
MemTotal:       16109304 kB
MemFree:         1383712 kB
Cached:          5148588 kB
SwapCached:        43488 kB

23-08-18-18:52:50 %CPU
MemTotal:       16109304 kB
MemFree:         1384884 kB
Cached:          5148144 kB
SwapCached:        43484 kB

23-08-18-18:53:20 %CPU
MemTotal:       16109304 kB
MemFree:         1352840 kB
Cached:          5172460 kB
SwapCached:        43484 kB

23-08-18-18:53:50 %CPU
MemTotal:       16109304 kB
MemFree:         1314964 kB
Cached:          5238288 kB
SwapCached:        43508 kB

23-08-18-18:54:20 %CPU
MemTotal:       16109304 kB
MemFree:         1392920 kB
Cached:          5112040 kB
SwapCached:        43588 kB

23-08-18-18:54:50 %CPU
MemTotal:       16109304 kB
MemFree:         1396056 kB
Cached:          5112168 kB
SwapCached:        43588 kB

23-08-18-18:55:21 %CPU
MemTotal:       16109304 kB
MemFree:         1391280 kB
Cached:          5113124 kB
SwapCached:        43592 kB

23-08-18-18:55:51 %CPU
MemTotal:       16109304 kB
MemFree:         1393300 kB
Cached:          5113144 kB
SwapCached:        43596 kB

23-08-18-18:56:21 %CPU
MemTotal:       16109304 kB
MemFree:         1438336 kB
Cached:          5123344 kB
SwapCached:        43596 kB

23-08-18-18:56:51 %CPU
MemTotal:       16109304 kB
MemFree:         1355968 kB
Cached:          5191620 kB
SwapCached:        43600 kB

23-08-18-18:57:21 %CPU
MemTotal:       16109304 kB
MemFree:          835044 kB
Cached:          5256732 kB
SwapCached:        43608 kB

23-08-18-18:57:51 %CPU
MemTotal:       16109304 kB
MemFree:         1383940 kB
Cached:          5135100 kB
SwapCached:        43896 kB

23-08-18-18:58:22 %CPU
MemTotal:       16109304 kB
MemFree:         1379660 kB
Cached:          5136136 kB
SwapCached:        43896 kB

23-08-18-18:58:52 %CPU
MemTotal:       16109304 kB
MemFree:         1376292 kB
Cached:          5137096 kB
SwapCached:        43896 kB

23-08-18-18:59:22 %CPU
MemTotal:       16109304 kB
MemFree:         1382564 kB
Cached:          5138184 kB
SwapCached:        43880 kB

23-08-18-18:59:52 %CPU
MemTotal:       16109304 kB
MemFree:         1232116 kB
Cached:          5265040 kB
SwapCached:        43876 kB

23-08-18-19:00:22 %CPU
MemTotal:       16109304 kB
MemFree:         1060524 kB
Cached:          5393320 kB
SwapCached:        43908 kB

23-08-18-19:00:53 %CPU
MemTotal:       16109304 kB
MemFree:         1363364 kB
Cached:          5158876 kB
SwapCached:        43384 kB

23-08-18-19:01:23 %CPU
MemTotal:       16109304 kB
MemFree:         1359348 kB
Cached:          5160460 kB
SwapCached:        43416 kB

23-08-18-19:01:53 %CPU
MemTotal:       16109304 kB
MemFree:         1359636 kB
Cached:          5160908 kB
SwapCached:        43416 kB

23-08-18-19:02:23 %CPU
MemTotal:       16109304 kB
MemFree:         1302004 kB
Cached:          5189684 kB
SwapCached:        43412 kB

23-08-18-19:02:53 %CPU
MemTotal:       16109304 kB
MemFree:         1361392 kB
Cached:          5271412 kB
SwapCached:        43452 kB

23-08-18-19:03:23 %CPU
MemTotal:       16109304 kB
MemFree:         1216024 kB
Cached:          5337604 kB
SwapCached:        43452 kB

23-08-18-19:03:54 %CPU
MemTotal:       16109304 kB
MemFree:         1402608 kB
Cached:          5251448 kB
SwapCached:        43844 kB

23-08-18-19:04:24 %CPU
MemTotal:       16109304 kB
MemFree:         1403508 kB
Cached:          5252464 kB
SwapCached:        43844 kB

23-08-18-19:04:54 %CPU
MemTotal:       16109304 kB
MemFree:         1409016 kB
Cached:          5252500 kB
SwapCached:        43840 kB

23-08-18-19:05:24 %CPU
MemTotal:       16109304 kB
MemFree:         1404656 kB
Cached:          5252924 kB
SwapCached:        43840 kB

23-08-18-19:05:54 %CPU
MemTotal:       16109304 kB
MemFree:         1324100 kB
Cached:          5298892 kB
SwapCached:        43840 kB

23-08-18-19:06:24 %CPU
MemTotal:       16109304 kB
MemFree:         1181376 kB
Cached:          5364552 kB
SwapCached:        43840 kB

23-08-18-19:06:55 %CPU
MemTotal:       16109304 kB
MemFree:         1359456 kB
Cached:          5176136 kB
SwapCached:        43140 kB

23-08-18-19:07:25 %CPU
MemTotal:       16109304 kB
MemFree:         1354900 kB
Cached:          5177004 kB
SwapCached:        43140 kB

23-08-18-19:07:55 %CPU
MemTotal:       16109304 kB
MemFree:         1353508 kB
Cached:          5177160 kB
SwapCached:        43140 kB

23-08-18-19:08:25 %CPU
MemTotal:       16109304 kB
MemFree:         1354312 kB
Cached:          5177032 kB
SwapCached:        43140 kB

23-08-18-19:08:55 %CPU
MemTotal:       16109304 kB
MemFree:         1414904 kB
Cached:          5213284 kB
SwapCached:        43148 kB

23-08-18-19:09:26 %CPU
MemTotal:       16109304 kB
MemFree:         1258776 kB
Cached:          5280480 kB
SwapCached:        43148 kB

23-08-18-19:09:56 %CPU
MemTotal:       16109304 kB
MemFree:         1422560 kB
Cached:          5177828 kB
SwapCached:        44152 kB

23-08-18-19:10:26 %CPU
MemTotal:       16109304 kB
MemFree:         1416720 kB
Cached:          5178816 kB
SwapCached:        44120 kB

23-08-18-19:10:56 %CPU
MemTotal:       16109304 kB
MemFree:         1418004 kB
Cached:          5178744 kB
SwapCached:        44140 kB

23-08-18-19:11:26 %CPU
MemTotal:       16109304 kB
MemFree:         1415120 kB
Cached:          5178728 kB
SwapCached:        44124 kB

23-08-18-19:11:56 %CPU
MemTotal:       16109304 kB
MemFree:         1383692 kB
Cached:          5205824 kB
SwapCached:        44120 kB

23-08-18-19:12:27 %CPU
MemTotal:       16109304 kB
MemFree:         1240064 kB
Cached:          5278140 kB
SwapCached:        44112 kB

23-08-18-19:12:57 %CPU
MemTotal:       16109304 kB
MemFree:         1400964 kB
Cached:          5136312 kB
SwapCached:        43156 kB

23-08-18-19:13:27 %CPU
MemTotal:       16109304 kB
MemFree:         1393380 kB
Cached:          5140028 kB
SwapCached:        43156 kB

23-08-18-19:13:57 %CPU
MemTotal:       16109304 kB
MemFree:         1390000 kB
Cached:          5140012 kB
SwapCached:        43160 kB

23-08-18-19:14:27 %CPU
MemTotal:       16109304 kB
MemFree:         1391280 kB
Cached:          5140684 kB
SwapCached:        43160 kB

23-08-18-19:14:57 %CPU
MemTotal:       16109304 kB
MemFree:         1369280 kB
Cached:          5153952 kB
SwapCached:        43160 kB

23-08-18-19:15:28 %CPU
MemTotal:       16109304 kB
MemFree:         1281528 kB
Cached:          5228360 kB
SwapCached:        43160 kB

23-08-18-19:15:58 %CPU
MemTotal:       16109304 kB
MemFree:          691460 kB
Cached:          5299524 kB
SwapCached:        43152 kB

23-08-18-19:16:28 %CPU
MemTotal:       16109304 kB
MemFree:         1402816 kB
Cached:          5179304 kB
SwapCached:        43144 kB

23-08-18-19:16:58 %CPU
MemTotal:       16109304 kB
MemFree:         1408012 kB
Cached:          5178720 kB
SwapCached:        43164 kB

23-08-18-19:17:28 %CPU
MemTotal:       16109304 kB
MemFree:         1407184 kB
Cached:          5179124 kB
SwapCached:        43164 kB

23-08-18-19:17:59 %CPU
MemTotal:       16109304 kB
MemFree:         1408648 kB
Cached:          5180772 kB
SwapCached:        43164 kB

23-08-18-19:18:29 %CPU
MemTotal:       16109304 kB
MemFree:         1250896 kB
Cached:          5256528 kB
SwapCached:        43164 kB

23-08-18-19:18:59 %CPU
MemTotal:       16109304 kB
MemFree:         1273544 kB
Cached:          5327836 kB
SwapCached:        43188 kB

23-08-18-19:19:29 %CPU
MemTotal:       16109304 kB
MemFree:         1395168 kB
Cached:          5288736 kB
SwapCached:        43232 kB

23-08-18-19:19:59 %CPU
MemTotal:       16109304 kB
MemFree:         1391852 kB
Cached:          5288872 kB
SwapCached:        43232 kB

23-08-18-19:20:29 %CPU
MemTotal:       16109304 kB
MemFree:         1393232 kB
Cached:          5289896 kB
SwapCached:        43224 kB

23-08-18-19:21:00 %CPU
MemTotal:       16109304 kB
MemFree:         1392672 kB
Cached:          5290492 kB
SwapCached:        43224 kB

23-08-18-19:21:30 %CPU
MemTotal:       16109304 kB
MemFree:         1322220 kB
Cached:          5354780 kB
SwapCached:        43224 kB

23-08-18-19:22:00 %CPU
MemTotal:       16109304 kB
MemFree:         1175808 kB
Cached:          5426500 kB
SwapCached:        43224 kB

23-08-18-19:22:30 %CPU
MemTotal:       16109304 kB
MemFree:         1413348 kB
Cached:          5276532 kB
SwapCached:        43368 kB

23-08-18-19:23:00 %CPU
MemTotal:       16109304 kB
MemFree:         1413156 kB
Cached:          5276852 kB
SwapCached:        43368 kB

23-08-18-19:23:30 %CPU
MemTotal:       16109304 kB
MemFree:         1410084 kB
Cached:          5277620 kB
SwapCached:        43368 kB

23-08-18-19:24:01 %CPU
MemTotal:       16109304 kB
MemFree:         1397516 kB
Cached:          5287476 kB
SwapCached:        43368 kB

23-08-18-19:24:31 %CPU
MemTotal:       16109304 kB
MemFree:         1331280 kB
Cached:          5329120 kB
SwapCached:        43352 kB

23-08-18-19:25:01 %CPU
MemTotal:       16109304 kB
MemFree:         1168988 kB
Cached:          5411312 kB
SwapCached:        43352 kB

23-08-18-19:25:31 %CPU
MemTotal:       16109304 kB
MemFree:         1416980 kB
Cached:          5232612 kB
SwapCached:        43164 kB

23-08-18-19:26:01 %CPU
MemTotal:       16109304 kB
MemFree:         1407544 kB
Cached:          5241584 kB
SwapCached:        43160 kB

23-08-18-19:26:31 %CPU
MemTotal:       16109304 kB
MemFree:         1415372 kB
Cached:          5233228 kB
SwapCached:        43160 kB

23-08-18-19:27:02 %CPU
MemTotal:       16109304 kB
MemFree:         1408112 kB
Cached:          5241784 kB
SwapCached:        43156 kB

23-08-18-19:27:32 %CPU
MemTotal:       16109304 kB
MemFree:         1367836 kB
Cached:          5272984 kB
SwapCached:        43156 kB

23-08-18-19:28:02 %CPU
MemTotal:       16109304 kB
MemFree:         1338844 kB
Cached:          5353696 kB
SwapCached:        43156 kB

23-08-18-19:28:32 %CPU
MemTotal:       16109304 kB
MemFree:         1366676 kB
Cached:          5391144 kB
SwapCached:        43156 kB

23-08-18-19:29:02 %CPU
MemTotal:       16109304 kB
MemFree:         1351236 kB
Cached:          5400004 kB
SwapCached:        43180 kB

23-08-18-19:29:32 %CPU
MemTotal:       16109304 kB
MemFree:         1357520 kB
Cached:          5391564 kB
SwapCached:        43180 kB

23-08-18-19:30:03 %CPU
MemTotal:       16109304 kB
MemFree:         1347028 kB
Cached:          5400140 kB
SwapCached:        43184 kB

23-08-18-19:30:33 %CPU
MemTotal:       16109304 kB
MemFree:         1305452 kB
Cached:          5419300 kB
SwapCached:        43184 kB

23-08-18-19:31:03 %CPU
MemTotal:       16109304 kB
MemFree:         1167264 kB
Cached:          5500440 kB
SwapCached:        43184 kB

23-08-18-19:31:33 %CPU
MemTotal:       16109304 kB
MemFree:         1415756 kB
Cached:          5323296 kB
SwapCached:        43360 kB

23-08-18-19:32:03 %CPU
MemTotal:       16109304 kB
MemFree:         1407188 kB
Cached:          5333256 kB
SwapCached:        43360 kB

23-08-18-19:32:34 %CPU
MemTotal:       16109304 kB
MemFree:         1413916 kB
Cached:          5324340 kB
SwapCached:        43360 kB

23-08-18-19:33:04 %CPU
MemTotal:       16109304 kB
MemFree:         1411116 kB
Cached:          5332964 kB
SwapCached:        43360 kB

23-08-18-19:33:34 %CPU
MemTotal:       16109304 kB
MemFree:         1390648 kB
Cached:          5338488 kB
SwapCached:        43360 kB

23-08-18-19:34:04 %CPU
MemTotal:       16109304 kB
MemFree:         1225184 kB
Cached:          5420592 kB
SwapCached:        43360 kB

23-08-18-19:34:34 %CPU
MemTotal:       16109304 kB
MemFree:          378380 kB
Cached:          5480500 kB
SwapCached:        43360 kB

23-08-18-19:35:04 %CPU
MemTotal:       16109304 kB
MemFree:         1361824 kB
Cached:          5226496 kB
SwapCached:        39368 kB

23-08-18-19:35:35 %CPU
MemTotal:       16109304 kB
MemFree:         1371172 kB
Cached:          5218076 kB
SwapCached:        39368 kB

23-08-18-19:36:05 %CPU
MemTotal:       16109304 kB
MemFree:         1362976 kB
Cached:          5226536 kB
SwapCached:        39364 kB

23-08-18-19:36:35 %CPU
MemTotal:       16109304 kB
MemFree:         1367836 kB
Cached:          5220504 kB
SwapCached:        39364 kB

23-08-18-19:37:05 %CPU
MemTotal:       16109304 kB
MemFree:         1333860 kB
Cached:          5304048 kB
SwapCached:        39384 kB

23-08-18-19:37:35 %CPU
MemTotal:       16109304 kB
MemFree:         1182020 kB
Cached:          5367524 kB
SwapCached:        39384 kB

23-08-18-19:38:05 %CPU
MemTotal:       16109304 kB
MemFree:         1402260 kB
Cached:          5194600 kB
SwapCached:        40116 kB

23-08-18-19:38:36 %CPU
MemTotal:       16109304 kB
MemFree:         1400760 kB
Cached:          5195172 kB
SwapCached:        40116 kB

23-08-18-19:39:06 %CPU
MemTotal:       16109304 kB
MemFree:         1395776 kB
Cached:          5195308 kB
SwapCached:        40116 kB

23-08-18-19:39:36 %CPU
MemTotal:       16109304 kB
MemFree:         1399392 kB
Cached:          5195744 kB
SwapCached:        40132 kB

23-08-18-19:40:06 %CPU
MemTotal:       16109304 kB
MemFree:         1362028 kB
Cached:          5261268 kB
SwapCached:        40148 kB

23-08-18-19:40:36 %CPU
MemTotal:       16109304 kB
MemFree:         1212732 kB
Cached:          5332892 kB
SwapCached:        40148 kB

23-08-18-19:41:07 %CPU
MemTotal:       16109304 kB
MemFree:         1404656 kB
Cached:          5226336 kB
SwapCached:        39660 kB

23-08-18-19:41:37 %CPU
MemTotal:       16109304 kB
MemFree:         1404328 kB
Cached:          5226252 kB
SwapCached:        39660 kB

23-08-18-19:42:07 %CPU
MemTotal:       16109304 kB
MemFree:         1406016 kB
Cached:          5226444 kB
SwapCached:        39660 kB

23-08-18-19:42:37 %CPU
MemTotal:       16109304 kB
MemFree:         1401472 kB
Cached:          5226340 kB
SwapCached:        39660 kB

23-08-18-19:43:07 %CPU
MemTotal:       16109304 kB
MemFree:         1326040 kB
Cached:          5279904 kB
SwapCached:        39660 kB

23-08-18-19:43:37 %CPU
MemTotal:       16109304 kB
MemFree:         1163944 kB
Cached:          5351016 kB
SwapCached:        39660 kB

23-08-18-19:44:08 %CPU
MemTotal:       16109304 kB
MemFree:         1413692 kB
Cached:          5156216 kB
SwapCached:        39624 kB

23-08-18-19:44:38 %CPU
MemTotal:       16109304 kB
MemFree:         1410100 kB
Cached:          5156348 kB
SwapCached:        39624 kB

23-08-18-19:45:08 %CPU
MemTotal:       16109304 kB
MemFree:         1406408 kB
Cached:          5157236 kB
SwapCached:        39624 kB

23-08-18-19:45:38 %CPU
MemTotal:       16109304 kB
MemFree:         1406624 kB
Cached:          5156848 kB
SwapCached:        39624 kB

23-08-18-19:46:08 %CPU
MemTotal:       16109304 kB
MemFree:         1393820 kB
Cached:          5197616 kB
SwapCached:        39624 kB

23-08-18-19:46:39 %CPU
MemTotal:       16109304 kB
MemFree:         1239088 kB
Cached:          5269432 kB
SwapCached:        39624 kB

23-08-18-19:47:09 %CPU
MemTotal:       16109304 kB
MemFree:         1416660 kB
Cached:          5166416 kB
SwapCached:        39724 kB

23-08-18-19:47:39 %CPU
MemTotal:       16109304 kB
MemFree:         1412540 kB
Cached:          5166672 kB
SwapCached:        39724 kB

23-08-18-19:48:09 %CPU
MemTotal:       16109304 kB
MemFree:         1411428 kB
Cached:          5166472 kB
SwapCached:        39724 kB

23-08-18-19:48:39 %CPU
MemTotal:       16109304 kB
MemFree:         1408336 kB
Cached:          5166704 kB
SwapCached:        39724 kB

23-08-18-19:49:09 %CPU
MemTotal:       16109304 kB
MemFree:         1375396 kB
Cached:          5197440 kB
SwapCached:        39728 kB

23-08-18-19:49:40 %CPU
MemTotal:       16109304 kB
MemFree:         1225288 kB
Cached:          5270660 kB
SwapCached:        39728 kB

23-08-18-19:50:10 %CPU
MemTotal:       16109304 kB
MemFree:         1417312 kB
Cached:          5047228 kB
SwapCached:        39624 kB

23-08-18-19:50:40 %CPU
MemTotal:       16109304 kB
MemFree:         1418240 kB
Cached:          5048020 kB
SwapCached:        39624 kB

23-08-18-19:51:10 %CPU
MemTotal:       16109304 kB
MemFree:         1419800 kB
Cached:          5048816 kB
SwapCached:        39624 kB

23-08-18-19:51:40 %CPU
MemTotal:       16109304 kB
MemFree:         1416548 kB
Cached:          5048876 kB
SwapCached:        39624 kB

23-08-18-19:52:10 %CPU
MemTotal:       16109304 kB
MemFree:         1519896 kB
Cached:          5064760 kB
SwapCached:        39624 kB

23-08-18-19:52:41 %CPU
MemTotal:       16109304 kB
MemFree:         1364072 kB
Cached:          5139352 kB
SwapCached:        39624 kB

23-08-18-19:53:11 %CPU
MemTotal:       16109304 kB
MemFree:          478304 kB
Cached:          5205512 kB
SwapCached:        39624 kB

23-08-18-19:53:41 %CPU
MemTotal:       16109304 kB
MemFree:         1372604 kB
Cached:          5182932 kB
SwapCached:        39316 kB

23-08-18-19:54:11 %CPU
MemTotal:       16109304 kB
MemFree:         1369724 kB
Cached:          5184128 kB
SwapCached:        39316 kB

23-08-18-19:54:41 %CPU
MemTotal:       16109304 kB
MemFree:         1369756 kB
Cached:          5183780 kB
SwapCached:        39312 kB

23-08-18-19:55:11 %CPU
MemTotal:       16109304 kB
MemFree:         1365184 kB
Cached:          5186040 kB
SwapCached:        39312 kB

23-08-18-19:55:42 %CPU
MemTotal:       16109304 kB
MemFree:         1337948 kB
Cached:          5260752 kB
SwapCached:        39320 kB

23-08-18-19:56:12 %CPU
MemTotal:       16109304 kB
MemFree:         1179424 kB
Cached:          5333676 kB
SwapCached:        39320 kB

23-08-18-19:56:42 %CPU
MemTotal:       16109304 kB
MemFree:         1416436 kB
Cached:          5244596 kB
SwapCached:        39372 kB

23-08-18-19:57:12 %CPU
MemTotal:       16109304 kB
MemFree:         1415932 kB
Cached:          5245420 kB
SwapCached:        39372 kB

23-08-18-19:57:42 %CPU
MemTotal:       16109304 kB
MemFree:         1413960 kB
Cached:          5245532 kB
SwapCached:        39372 kB

23-08-18-19:58:13 %CPU
MemTotal:       16109304 kB
MemFree:         1415228 kB
Cached:          5245676 kB
SwapCached:        39372 kB

23-08-18-19:58:43 %CPU
MemTotal:       16109304 kB
MemFree:         1455180 kB
Cached:          5312436 kB
SwapCached:        39376 kB

23-08-18-19:59:13 %CPU
MemTotal:       16109304 kB
MemFree:         1292168 kB
Cached:          5385116 kB
SwapCached:        39376 kB

23-08-18-19:59:43 %CPU
MemTotal:       16109304 kB
MemFree:         1395580 kB
Cached:          5356336 kB
SwapCached:        39640 kB

23-08-18-20:00:13 %CPU
MemTotal:       16109304 kB
MemFree:         1391392 kB
Cached:          5357672 kB
SwapCached:        39632 kB

23-08-18-20:00:43 %CPU
MemTotal:       16109304 kB
MemFree:         1379484 kB
Cached:          5372656 kB
SwapCached:        39640 kB

23-08-18-20:01:14 %CPU
MemTotal:       16109304 kB
MemFree:         1380672 kB
Cached:          5372604 kB
SwapCached:        39628 kB

23-08-18-20:01:44 %CPU
MemTotal:       16109304 kB
MemFree:         1330668 kB
Cached:          5426712 kB
SwapCached:        39632 kB

23-08-18-20:02:14 %CPU
MemTotal:       16109304 kB
MemFree:         1187364 kB
Cached:          5499480 kB
SwapCached:        39632 kB

23-08-18-20:02:44 %CPU
MemTotal:       16109304 kB
MemFree:         1407052 kB
Cached:          5362496 kB
SwapCached:        39776 kB

23-08-18-20:03:14 %CPU
MemTotal:       16109304 kB
MemFree:         1408808 kB
Cached:          5363032 kB
SwapCached:        39776 kB

23-08-18-20:03:45 %CPU
MemTotal:       16109304 kB
MemFree:         1409312 kB
Cached:          5363068 kB
SwapCached:        39776 kB

23-08-18-20:04:15 %CPU
MemTotal:       16109304 kB
MemFree:         1409940 kB
Cached:          5363444 kB
SwapCached:        39776 kB

23-08-18-20:04:45 %CPU
MemTotal:       16109304 kB
MemFree:         1352080 kB
Cached:          5405180 kB
SwapCached:        39772 kB

23-08-18-20:05:15 %CPU
MemTotal:       16109304 kB
MemFree:         1193096 kB
Cached:          5478184 kB
SwapCached:        39772 kB

23-08-18-20:05:45 %CPU
MemTotal:       16109304 kB
MemFree:         1420796 kB
Cached:          5237524 kB
SwapCached:        39288 kB

23-08-18-20:06:15 %CPU
MemTotal:       16109304 kB
MemFree:         1420952 kB
Cached:          5238768 kB
SwapCached:        39288 kB

23-08-18-20:06:46 %CPU
MemTotal:       16109304 kB
MemFree:         1418060 kB
Cached:          5238632 kB
SwapCached:        39288 kB

23-08-18-20:07:16 %CPU
MemTotal:       16109304 kB
MemFree:         1417232 kB
Cached:          5239112 kB
SwapCached:        39288 kB

23-08-18-20:07:46 %CPU
MemTotal:       16109304 kB
MemFree:         1493740 kB
Cached:          5270160 kB
SwapCached:        39296 kB

23-08-18-20:08:16 %CPU
MemTotal:       16109304 kB
MemFree:         1333304 kB
Cached:          5342368 kB
SwapCached:        39296 kB

23-08-18-20:08:46 %CPU
MemTotal:       16109304 kB
MemFree:         1420216 kB
Cached:          5216172 kB
SwapCached:        39576 kB

23-08-18-20:09:16 %CPU
MemTotal:       16109304 kB
MemFree:         1417776 kB
Cached:          5217224 kB
SwapCached:        39576 kB

23-08-18-20:09:47 %CPU
MemTotal:       16109304 kB
MemFree:         1413564 kB
Cached:          5217432 kB
SwapCached:        39576 kB

23-08-18-20:10:17 %CPU
MemTotal:       16109304 kB
MemFree:         1413988 kB
Cached:          5218820 kB
SwapCached:        39568 kB

23-08-18-20:10:47 %CPU
MemTotal:       16109304 kB
MemFree:         1394192 kB
Cached:          5237416 kB
SwapCached:        39568 kB

23-08-18-20:11:17 %CPU
MemTotal:       16109304 kB
MemFree:         1303852 kB
Cached:          5310744 kB
SwapCached:        39568 kB

23-08-18-20:11:47 %CPU
MemTotal:       16109304 kB
MemFree:          204872 kB
Cached:          5376144 kB
SwapCached:        39568 kB

23-08-18-20:12:18 %CPU
MemTotal:       16109304 kB
MemFree:         1413720 kB
Cached:          5248732 kB
SwapCached:        40124 kB

23-08-18-20:12:48 %CPU
MemTotal:       16109304 kB
MemFree:         1418224 kB
Cached:          5248812 kB
SwapCached:        40136 kB

23-08-18-20:13:18 %CPU
MemTotal:       16109304 kB
MemFree:         1424520 kB
Cached:          5249000 kB
SwapCached:        40136 kB

23-08-18-20:13:48 %CPU
MemTotal:       16109304 kB
MemFree:         1418104 kB
Cached:          5252828 kB
SwapCached:        40144 kB

23-08-18-20:14:18 %CPU
MemTotal:       16109304 kB
MemFree:         1329168 kB
Cached:          5328140 kB
SwapCached:        40140 kB

23-08-18-20:14:48 %CPU
MemTotal:       16109304 kB
MemFree:         1169316 kB
Cached:          5400112 kB
SwapCached:        40140 kB

23-08-18-20:15:19 %CPU
MemTotal:       16109304 kB
MemFree:         1408752 kB
Cached:          5303620 kB
SwapCached:        39988 kB

23-08-18-20:15:49 %CPU
MemTotal:       16109304 kB
MemFree:         1409784 kB
Cached:          5303396 kB
SwapCached:        39988 kB

23-08-18-20:16:19 %CPU
MemTotal:       16109304 kB
MemFree:         1410056 kB
Cached:          5303572 kB
SwapCached:        39988 kB

23-08-18-20:16:49 %CPU
MemTotal:       16109304 kB
MemFree:         1406968 kB
Cached:          5303452 kB
SwapCached:        39996 kB

23-08-18-20:17:19 %CPU
MemTotal:       16109304 kB
MemFree:         1268056 kB
Cached:          5371572 kB
SwapCached:        39996 kB

23-08-18-20:17:49 %CPU
MemTotal:       16109304 kB
MemFree:         1253948 kB
Cached:          5444348 kB
SwapCached:        39996 kB

23-08-18-20:18:20 %CPU
MemTotal:       16109304 kB
MemFree:         1421496 kB
Cached:          5330224 kB
SwapCached:        40508 kB

23-08-18-20:18:50 %CPU
MemTotal:       16109304 kB
MemFree:         1420136 kB
Cached:          5330444 kB
SwapCached:        40512 kB

23-08-18-20:19:20 %CPU
MemTotal:       16109304 kB
MemFree:         1420424 kB
Cached:          5330636 kB
SwapCached:        40512 kB

23-08-18-20:19:50 %CPU
MemTotal:       16109304 kB
MemFree:         1413396 kB
Cached:          5330640 kB
SwapCached:        40512 kB

23-08-18-20:20:20 %CPU
MemTotal:       16109304 kB
MemFree:         1366376 kB
Cached:          5386260 kB
SwapCached:        40516 kB

23-08-18-20:20:51 %CPU
MemTotal:       16109304 kB
MemFree:         1217952 kB
Cached:          5458116 kB
SwapCached:        40516 kB

23-08-18-20:21:21 %CPU
MemTotal:       16109304 kB
MemFree:         1426340 kB
Cached:          5331308 kB
SwapCached:        39368 kB

23-08-18-20:21:51 %CPU
MemTotal:       16109304 kB
MemFree:         1424516 kB
Cached:          5331316 kB
SwapCached:        39368 kB

23-08-18-20:22:21 %CPU
MemTotal:       16109304 kB
MemFree:         1425512 kB
Cached:          5332624 kB
SwapCached:        39368 kB

23-08-18-20:22:51 %CPU
MemTotal:       16109304 kB
MemFree:         1421660 kB
Cached:          5333104 kB
SwapCached:        39368 kB

23-08-18-20:23:21 %CPU
MemTotal:       16109304 kB
MemFree:         1366812 kB
Cached:          5375828 kB
SwapCached:        39368 kB

23-08-18-20:23:52 %CPU
MemTotal:       16109304 kB
MemFree:         1210896 kB
Cached:          5448572 kB
SwapCached:        39368 kB

23-08-18-20:24:22 %CPU
MemTotal:       16109304 kB
MemFree:         1405056 kB
Cached:          5227236 kB
SwapCached:        39344 kB

23-08-18-20:24:52 %CPU
MemTotal:       16109304 kB
MemFree:         1401672 kB
Cached:          5228044 kB
SwapCached:        39344 kB

23-08-18-20:25:22 %CPU
MemTotal:       16109304 kB
MemFree:         1397100 kB
Cached:          5228436 kB
SwapCached:        39344 kB

23-08-18-20:25:52 %CPU
MemTotal:       16109304 kB
MemFree:         1399620 kB
Cached:          5228816 kB
SwapCached:        39344 kB

23-08-18-20:26:22 %CPU
MemTotal:       16109304 kB
MemFree:         1373476 kB
Cached:          5259144 kB
SwapCached:        39344 kB

23-08-18-20:26:53 %CPU
MemTotal:       16109304 kB
MemFree:         1280576 kB
Cached:          5332864 kB
SwapCached:        39344 kB

23-08-18-20:27:23 %CPU
MemTotal:       16109304 kB
MemFree:         1407568 kB
Cached:          5230020 kB
SwapCached:        39492 kB

23-08-18-20:27:53 %CPU
MemTotal:       16109304 kB
MemFree:         1406364 kB
Cached:          5230288 kB
SwapCached:        39492 kB

23-08-18-20:28:23 %CPU
MemTotal:       16109304 kB
MemFree:         1407676 kB
Cached:          5231264 kB
SwapCached:        39492 kB

23-08-18-20:28:53 %CPU
MemTotal:       16109304 kB
MemFree:         1400352 kB
Cached:          5231752 kB
SwapCached:        39492 kB

23-08-18-20:29:24 %CPU
MemTotal:       16109304 kB
MemFree:         1465384 kB
Cached:          5251648 kB
SwapCached:        39492 kB

23-08-18-20:29:54 %CPU
MemTotal:       16109304 kB
MemFree:         1296652 kB
Cached:          5324156 kB
SwapCached:        39492 kB

23-08-18-20:30:24 %CPU
MemTotal:       16109304 kB
MemFree:         1196612 kB
Cached:          5257336 kB
SwapCached:        39136 kB

23-08-18-20:30:54 %CPU
MemTotal:       16109304 kB
MemFree:         1408012 kB
Cached:          5258404 kB
SwapCached:        39132 kB

23-08-18-20:31:24 %CPU
MemTotal:       16109304 kB
MemFree:         1406152 kB
Cached:          5259968 kB
SwapCached:        39132 kB

23-08-18-20:31:54 %CPU
MemTotal:       16109304 kB
MemFree:         1405768 kB
Cached:          5259536 kB
SwapCached:        39132 kB

23-08-18-20:32:25 %CPU
MemTotal:       16109304 kB
MemFree:         1401692 kB
Cached:          5263520 kB
SwapCached:        39132 kB

23-08-18-20:32:55 %CPU
MemTotal:       16109304 kB
MemFree:         1264156 kB
Cached:          5339832 kB
SwapCached:        39132 kB

23-08-18-20:33:25 %CPU
MemTotal:       16109304 kB
MemFree:         1104256 kB
Cached:          5412176 kB
SwapCached:        39132 kB

23-08-18-20:33:55 %CPU
MemTotal:       16109304 kB
MemFree:         1412384 kB
Cached:          5121220 kB
SwapCached:        38872 kB

23-08-18-20:34:25 %CPU
MemTotal:       16109304 kB
MemFree:         1413024 kB
Cached:          5122204 kB
SwapCached:        38872 kB

23-08-18-20:34:55 %CPU
MemTotal:       16109304 kB
MemFree:         1414172 kB
Cached:          5122696 kB
SwapCached:        38872 kB

23-08-18-20:35:26 %CPU
MemTotal:       16109304 kB
MemFree:         1413288 kB
Cached:          5122568 kB
SwapCached:        38872 kB

23-08-18-20:35:56 %CPU
MemTotal:       16109304 kB
MemFree:         1586584 kB
Cached:          5191024 kB
SwapCached:        38872 kB

23-08-18-20:36:26 %CPU
MemTotal:       16109304 kB
MemFree:         1427720 kB
Cached:          5263336 kB
SwapCached:        38872 kB

23-08-18-20:36:56 %CPU
MemTotal:       16109304 kB
MemFree:         1404824 kB
Cached:          5280460 kB
SwapCached:        38868 kB

23-08-18-20:37:26 %CPU
MemTotal:       16109304 kB
MemFree:         1405368 kB
Cached:          5280528 kB
SwapCached:        38868 kB

23-08-18-20:37:57 %CPU
MemTotal:       16109304 kB
MemFree:         1405636 kB
Cached:          5280540 kB
SwapCached:        38868 kB

23-08-18-20:38:27 %CPU
MemTotal:       16109304 kB
MemFree:         1404932 kB
Cached:          5280504 kB
SwapCached:        38872 kB

23-08-18-20:38:57 %CPU
MemTotal:       16109304 kB
MemFree:         1396684 kB
Cached:          5337308 kB
SwapCached:        38876 kB

23-08-18-20:39:27 %CPU
MemTotal:       16109304 kB
MemFree:         1262344 kB
Cached:          5411832 kB
SwapCached:        38876 kB

23-08-18-20:39:57 %CPU
MemTotal:       16109304 kB
MemFree:         1407648 kB
Cached:          5283960 kB
SwapCached:        38940 kB

23-08-18-20:40:27 %CPU
MemTotal:       16109304 kB
MemFree:         1405724 kB
Cached:          5285556 kB
SwapCached:        38944 kB

23-08-18-20:40:58 %CPU
MemTotal:       16109304 kB
MemFree:         1405848 kB
Cached:          5285172 kB
SwapCached:        38948 kB

23-08-18-20:41:28 %CPU
MemTotal:       16109304 kB
MemFree:         1407032 kB
Cached:          5285432 kB
SwapCached:        38948 kB

23-08-18-20:41:58 %CPU
MemTotal:       16109304 kB
MemFree:         1350712 kB
Cached:          5330496 kB
SwapCached:        38948 kB

23-08-18-20:42:28 %CPU
MemTotal:       16109304 kB
MemFree:         1266200 kB
Cached:          5403480 kB
SwapCached:        38948 kB

23-08-18-20:42:58 %CPU
MemTotal:       16109304 kB
MemFree:         1379112 kB
Cached:          5417128 kB
SwapCached:        40444 kB

23-08-18-20:43:28 %CPU
MemTotal:       16109304 kB
MemFree:         1382744 kB
Cached:          5418008 kB
SwapCached:        40444 kB

23-08-18-20:43:59 %CPU
MemTotal:       16109304 kB
MemFree:         1379952 kB
Cached:          5418008 kB
SwapCached:        40440 kB

23-08-18-20:44:29 %CPU
MemTotal:       16109304 kB
MemFree:         1381280 kB
Cached:          5417988 kB
SwapCached:        40440 kB

23-08-18-20:44:59 %CPU
MemTotal:       16109304 kB
MemFree:         1340236 kB
Cached:          5451476 kB
SwapCached:        40440 kB

23-08-18-20:45:29 %CPU
MemTotal:       16109304 kB
MemFree:         1243624 kB
Cached:          5523324 kB
SwapCached:        40440 kB

23-08-18-20:45:59 %CPU
MemTotal:       16109304 kB
MemFree:         1420888 kB
Cached:          5421212 kB
SwapCached:        39604 kB

23-08-18-20:46:29 %CPU
MemTotal:       16109304 kB
MemFree:         1429232 kB
Cached:          5422308 kB
SwapCached:        39604 kB

23-08-18-20:47:00 %CPU
MemTotal:       16109304 kB
MemFree:         1424236 kB
Cached:          5422876 kB
SwapCached:        39604 kB

23-08-18-20:47:30 %CPU
